Archive member included to satisfy reference by file (symbol)

c:/program files (x86)/atollic/truestudio for stm32 9.0.0/armtools/bin/../lib/gcc/arm-atollic-eabi/6.3.1/../../../../arm-atollic-eabi/lib/armv6-m\libc_nano.a(lib_a-init.o)
                              startup\startup_stm32f031x6.o (__libc_init_array)
c:/program files (x86)/atollic/truestudio for stm32 9.0.0/armtools/bin/../lib/gcc/arm-atollic-eabi/6.3.1/armv6-m\libgcc.a(_udivsi3.o)
                              Drivers\STM32F0xx_HAL_Driver\Src\stm32f0xx_hal.o (__aeabi_uidiv)
c:/program files (x86)/atollic/truestudio for stm32 9.0.0/armtools/bin/../lib/gcc/arm-atollic-eabi/6.3.1/armv6-m\libgcc.a(_divsi3.o)
                              Src\main.o (__aeabi_idiv)
c:/program files (x86)/atollic/truestudio for stm32 9.0.0/armtools/bin/../lib/gcc/arm-atollic-eabi/6.3.1/armv6-m\libgcc.a(_dvmd_tls.o)
                              c:/program files (x86)/atollic/truestudio for stm32 9.0.0/armtools/bin/../lib/gcc/arm-atollic-eabi/6.3.1/armv6-m\libgcc.a(_udivsi3.o) (__aeabi_idiv0)

Allocating common symbols
Common symbol       size              file

last_adc_channel    0x4               Src\main.o
temp30cal           0x4               Src\main.o
calcCRC             0x4               Src\main.o
hiwdg               0x10              Src\main.o
Current_GPIO_Pin    0x2               Src\main.o
checkCRC            0x4               Src\main.o
phase_A_position    0x4               Src\main.o
uwTick              0x4               Drivers\STM32F0xx_HAL_Driver\Src\stm32f0xx_hal.o
pFlash              0x20              Drivers\STM32F0xx_HAL_Driver\Src\stm32f0xx_hal_flash.o
dshotcommand        0x4               Src\main.o
htim3               0x40              Src\main.o
duty_cycle_limit    0x4               Src\main.o
looptime            0x4               Src\main.o
upthiszctime        0x4               Src\main.o
difference          0x4               Src\main.o
bemfcounter         0x4               Src\main.o
max_change          0x4               Src\main.o
dma_buffer          0x100             Src\main.o
wait_time           0x4               Src\main.o
blanktime           0x4               Src\main.o
htim1               0x40              Src\main.o
k_erpm              0x4               Src\main.o
readings            0x190             Src\main.o
hdma_tim2_ch4       0x44              Src\main.o
thiszctime          0x2               Src\main.o
offset              0x4               Src\main.o
temp110cal          0x4               Src\main.o
htim2               0x40              Src\main.o
htim14              0x40              Src\main.o
phase_C_position    0x4               Src\main.o
lastzctime          0x4               Src\main.o
hdma_adc            0x44              Src\main.o
hadc                0x4c              Src\main.o
phase_B_position    0x4               Src\main.o
uplastzctime        0x4               Src\main.o
zero_crosses        0x4               Src\main.o

Discarded input sections

 .text          0x00000000        0x0 c:/program files (x86)/atollic/truestudio for stm32 9.0.0/armtools/bin/../lib/gcc/arm-atollic-eabi/6.3.1/armv6-m/crti.o
 .data          0x00000000        0x0 c:/program files (x86)/atollic/truestudio for stm32 9.0.0/armtools/bin/../lib/gcc/arm-atollic-eabi/6.3.1/armv6-m/crti.o
 .bss           0x00000000        0x0 c:/program files (x86)/atollic/truestudio for stm32 9.0.0/armtools/bin/../lib/gcc/arm-atollic-eabi/6.3.1/armv6-m/crti.o
 .data          0x00000000        0x4 c:/program files (x86)/atollic/truestudio for stm32 9.0.0/armtools/bin/../lib/gcc/arm-atollic-eabi/6.3.1/armv6-m/crtbegin.o
 .text          0x00000000        0x0 Drivers\STM32F0xx_HAL_Driver\Src\stm32f0xx_hal.o
 .data          0x00000000        0x0 Drivers\STM32F0xx_HAL_Driver\Src\stm32f0xx_hal.o
 .bss           0x00000000        0x0 Drivers\STM32F0xx_HAL_Driver\Src\stm32f0xx_hal.o
 .text.HAL_MspInit
                0x00000000        0x4 Drivers\STM32F0xx_HAL_Driver\Src\stm32f0xx_hal.o
 .text.HAL_MspDeInit
                0x00000000        0x4 Drivers\STM32F0xx_HAL_Driver\Src\stm32f0xx_hal.o
 .text.HAL_DeInit
                0x00000000       0x24 Drivers\STM32F0xx_HAL_Driver\Src\stm32f0xx_hal.o
 .text.HAL_SuspendTick
                0x00000000       0x10 Drivers\STM32F0xx_HAL_Driver\Src\stm32f0xx_hal.o
 .text.HAL_ResumeTick
                0x00000000       0x10 Drivers\STM32F0xx_HAL_Driver\Src\stm32f0xx_hal.o
 .text.HAL_GetHalVersion
                0x00000000        0x8 Drivers\STM32F0xx_HAL_Driver\Src\stm32f0xx_hal.o
 .text.HAL_GetREVID
                0x00000000        0xc Drivers\STM32F0xx_HAL_Driver\Src\stm32f0xx_hal.o
 .text.HAL_GetDEVID
                0x00000000       0x10 Drivers\STM32F0xx_HAL_Driver\Src\stm32f0xx_hal.o
 .text.HAL_GetUIDw0
                0x00000000        0xc Drivers\STM32F0xx_HAL_Driver\Src\stm32f0xx_hal.o
 .text.HAL_GetUIDw1
                0x00000000        0xc Drivers\STM32F0xx_HAL_Driver\Src\stm32f0xx_hal.o
 .text.HAL_GetUIDw2
[...]
Memory Configuration

Name             Origin             Length             Attributes
RAM              0x20000000         0x00001000         xrw
FLASH            0x08000000         0x00008000         xr
*default*        0x00000000         0xffffffff

Linker script and memory map

LOAD c:/program files (x86)/atollic/truestudio for stm32 9.0.0/armtools/bin/../lib/gcc/arm-atollic-eabi/6.3.1/armv6-m/crti.o
LOAD c:/program files (x86)/atollic/truestudio for stm32 9.0.0/armtools/bin/../lib/gcc/arm-atollic-eabi/6.3.1/armv6-m/crtbegin.o
LOAD Drivers\STM32F0xx_HAL_Driver\Src\stm32f0xx_hal.o
LOAD Drivers\STM32F0xx_HAL_Driver\Src\stm32f0xx_hal_adc.o
LOAD Drivers\STM32F0xx_HAL_Driver\Src\stm32f0xx_hal_adc_ex.o
LOAD Drivers\STM32F0xx_HAL_Driver\Src\stm32f0xx_hal_cortex.o
LOAD Drivers\STM32F0xx_HAL_Driver\Src\stm32f0xx_hal_dma.o
LOAD Drivers\STM32F0xx_HAL_Driver\Src\stm32f0xx_hal_flash.o
LOAD Drivers\STM32F0xx_HAL_Driver\Src\stm32f0xx_hal_flash_ex.o
LOAD Drivers\STM32F0xx_HAL_Driver\Src\stm32f0xx_hal_gpio.o
LOAD Drivers\STM32F0xx_HAL_Driver\Src\stm32f0xx_hal_i2c.o
LOAD Drivers\STM32F0xx_HAL_Driver\Src\stm32f0xx_hal_i2c_ex.o
LOAD Drivers\STM32F0xx_HAL_Driver\Src\stm32f0xx_hal_iwdg.o
LOAD Drivers\STM32F0xx_HAL_Driver\Src\stm32f0xx_hal_pwr.o
LOAD Drivers\STM32F0xx_HAL_Driver\Src\stm32f0xx_hal_pwr_ex.o
LOAD Drivers\STM32F0xx_HAL_Driver\Src\stm32f0xx_hal_rcc.o
LOAD Drivers\STM32F0xx_HAL_Driver\Src\stm32f0xx_hal_rcc_ex.o
LOAD Drivers\STM32F0xx_HAL_Driver\Src\stm32f0xx_hal_tim.o
LOAD Drivers\STM32F0xx_HAL_Driver\Src\stm32f0xx_hal_tim_ex.o
LOAD Drivers\STM32F0xx_HAL_Driver\Src\stm32f0xx_ll_exti.o
LOAD Drivers\STM32F0xx_HAL_Driver\Src\stm32f0xx_ll_gpio.o
LOAD Drivers\STM32F0xx_HAL_Driver\Src\stm32f0xx_ll_utils.o
LOAD Src\main.o
LOAD Src\stm32f0xx_hal_msp.o
LOAD Src\stm32f0xx_it.o
LOAD Src\system_stm32f0xx.o
LOAD Src\tune.o
LOAD startup\startup_stm32f031x6.o
                0x00000080                malloc_getpagesize_P = 0x80
START GROUP
LOAD c:/program files (x86)/atollic/truestudio for stm32 9.0.0/armtools/bin/../lib/gcc/arm-atollic-eabi/6.3.1/../../../../arm-atollic-eabi/lib/armv6-m\libc_nano.a
LOAD c:/program files (x86)/atollic/truestudio for stm32 9.0.0/armtools/bin/../lib/gcc/arm-atollic-eabi/6.3.1/../../../../arm-atollic-eabi/lib/armv6-m\libm.a
END GROUP
START GROUP
LOAD c:/program files (x86)/atollic/truestudio for stm32 9.0.0/armtools/bin/../lib/gcc/arm-atollic-eabi/6.3.1/armv6-m\libgcc.a
LOAD c:/program files (x86)/atollic/truestudio for stm32 9.0.0/armtools/bin/../lib/gcc/arm-atollic-eabi/6.3.1/../../../../arm-atollic-eabi/lib/armv6-m\libc_nano.a
END GROUP
START GROUP
LOAD c:/program files (x86)/atollic/truestudio for stm32 9.0.0/armtools/bin/../lib/gcc/arm-atollic-eabi/6.3.1/armv6-m\libgcc.a
LOAD c:/program files (x86)/atollic/truestudio for stm32 9.0.0/armtools/bin/../lib/gcc/arm-atollic-eabi/6.3.1/../../../../arm-atollic-eabi/lib/armv6-m\libc_nano.a
LOAD c:/program files (x86)/atollic/truestudio for stm32 9.0.0/armtools/bin/../lib/gcc/arm-atollic-eabi/6.3.1/../../../../arm-atollic-eabi/lib/armv6-m\libnosys.a
END GROUP
START GROUP
LOAD c:/program files (x86)/atollic/truestudio for stm32 9.0.0/armtools/bin/../lib/gcc/arm-atollic-eabi/6.3.1/armv6-m\libgcc.a
LOAD c:/program files (x86)/atollic/truestudio for stm32 9.0.0/armtools/bin/../lib/gcc/arm-atollic-eabi/6.3.1/../../../../arm-atollic-eabi/lib/armv6-m\libc_nano.a
LOAD c:/program files (x86)/atollic/truestudio for stm32 9.0.0/armtools/bin/../lib/gcc/arm-atollic-eabi/6.3.1/../../../../arm-atollic-eabi/lib/armv6-m\libnosys.a
END GROUP
LOAD c:/program files (x86)/atollic/truestudio for stm32 9.0.0/armtools/bin/../lib/gcc/arm-atollic-eabi/6.3.1/armv6-m/crtend.o
LOAD c:/program files (x86)/atollic/truestudio for stm32 9.0.0/armtools/bin/../lib/gcc/arm-atollic-eabi/6.3.1/armv6-m/crtn.o
                0x20001000                _estack = 0x20001000
                0x00000200                _Min_Heap_Size = 0x200
                0x00000400                _Min_Stack_Size = 0x400

.isr_vector     0x08000000       0xc0
                0x08000000                . = ALIGN (0x4)
 *(.isr_vector)
 .isr_vector    0x08000000       0xc0 startup\startup_stm32f031x6.o
                0x08000000                g_pfnVectors
                0x080000c0                . = ALIGN (0x4)

.text           0x080000c0     0x44a0
                0x080000c0                . = ALIGN (0x4)
 *(.text)
 .text          0x080000c0       0x48 c:/program files (x86)/atollic/truestudio for stm32 9.0.0/armtools/bin/../lib/gcc/arm-atollic-eabi/6.3.1/armv6-m/crtbegin.o
 .text          0x08000108      0x114 c:/program files (x86)/atollic/truestudio for stm32 9.0.0/armtools/bin/../lib/gcc/arm-atollic-eabi/6.3.1/armv6-m\libgcc.a(_udivsi3.o)
                0x08000108                __aeabi_uidiv
                0x08000108                __udivsi3
                0x08000214                __aeabi_uidivmod
 .text          0x0800021c      0x1d4 c:/program files (x86)/atollic/truestudio for stm32 9.0.0/armtools/bin/../lib/gcc/arm-atollic-eabi/6.3.1/armv6-m\libgcc.a(_divsi3.o)
                0x0800021c                __divsi3
                0x0800021c                __aeabi_idiv
                0x080003e8                __aeabi_idivmod
 .text          0x080003f0        0x4 c:/program files (x86)/atollic/truestudio for stm32 9.0.0/armtools/bin/../lib/gcc/arm-atollic-eabi/6.3.1/armv6-m\libgcc.a(_dvmd_tls.o)
                0x080003f0                __aeabi_idiv0
                0x080003f0                __aeabi_ldiv0
 *(.text*)
 .text.HAL_InitTick
                0x080003f4       0x24 Drivers\STM32F0xx_HAL_Driver\Src\stm32f0xx_hal.o
                0x080003f4                HAL_InitTick
 .text.HAL_Init
                0x08000418       0x20 Drivers\STM32F0xx_HAL_Driver\Src\stm32f0xx_hal.o
                0x08000418                HAL_Init
 .text.HAL_IncTick
                0x08000438       0x10 Drivers\STM32F0xx_HAL_Driver\Src\stm32f0xx_hal.o
                0x08000438                HAL_IncTick
 .text.HAL_GetTick
                0x08000448        0xc Drivers\STM32F0xx_HAL_Driver\Src\stm32f0xx_hal.o
                0x08000448                HAL_GetTick
 .text.HAL_Delay
                0x08000454       0x24 Drivers\STM32F0xx_HAL_Driver\Src\stm32f0xx_hal.o
                0x08000454                HAL_Delay
 .text.ADC_Enable
                0x08000478       0xa8 Drivers\STM32F0xx_HAL_Driver\Src\stm32f0xx_hal_adc.o
 .text.HAL_ADC_Init
                0x08000520      0x150 Drivers\STM32F0xx_HAL_Driver\Src\stm32f0xx_hal_adc.o
                0x08000520                HAL_ADC_Init
 .text.HAL_ADC_Start_DMA
                0x08000670       0x94 Drivers\STM32F0xx_HAL_Driver\Src\stm32f0xx_hal_adc.o
                0x08000670                HAL_ADC_Start_DMA
 .text.ADC_DMAConvCplt
                0x08000704       0x70 Drivers\STM32F0xx_HAL_Driver\Src\stm32f0xx_hal_adc.o
 .text.HAL_ADC_ConvHalfCpltCallback
                0x08000774        0x4 Drivers\STM32F0xx_HAL_Driver\Src\stm32f0xx_hal_adc.o
                0x08000774                HAL_ADC_ConvHalfCpltCallback
 .text.ADC_DMAHalfConvCplt
                0x08000778        0xc Drivers\STM32F0xx_HAL_Driver\Src\stm32f0xx_hal_adc.o
 .text.HAL_ADC_ErrorCallback
                0x08000784        0x4 Drivers\STM32F0xx_HAL_Driver\Src\stm32f0xx_hal_adc.o
                0x08000784                HAL_ADC_ErrorCallback
 .text.ADC_DMAError
                0x08000788       0x1c Drivers\STM32F0xx_HAL_Driver\Src\stm32f0xx_hal_adc.o
 .text.HAL_ADC_ConfigChannel
                0x080007a4      0x114 Drivers\STM32F0xx_HAL_Driver\Src\stm32f0xx_hal_adc.o
                0x080007a4                HAL_ADC_ConfigChannel
 .text.HAL_NVIC_SetPriority
                0x080008b8       0x68 Drivers\STM32F0xx_HAL_Driver\Src\stm32f0xx_hal_cortex.o
                0x080008b8                HAL_NVIC_SetPriority
 .text.HAL_NVIC_EnableIRQ
                0x08000920       0x14 Drivers\STM32F0xx_HAL_Driver\Src\stm32f0xx_hal_cortex.o
                0x08000920                HAL_NVIC_EnableIRQ
 .text.HAL_SYSTICK_Config
                0x08000934       0x38 Drivers\STM32F0xx_HAL_Driver\Src\stm32f0xx_hal_cortex.o
                0x08000934                HAL_SYSTICK_Config
 .text.HAL_SYSTICK_CLKSourceConfig
                0x0800096c       0x1c Drivers\STM32F0xx_HAL_Driver\Src\stm32f0xx_hal_cortex.o
                0x0800096c                HAL_SYSTICK_CLKSourceConfig
 .text.HAL_SYSTICK_Callback
                0x08000988        0x4 Drivers\STM32F0xx_HAL_Driver\Src\stm32f0xx_hal_cortex.o
                0x08000988                HAL_SYSTICK_Callback
 .text.HAL_SYSTICK_IRQHandler
                0x0800098c        0x8 Drivers\STM32F0xx_HAL_Driver\Src\stm32f0xx_hal_cortex.o
                0x0800098c                HAL_SYSTICK_IRQHandler
 .text.HAL_DMA_Init
                0x08000994       0x70 Drivers\STM32F0xx_HAL_Driver\Src\stm32f0xx_hal_dma.o
                0x08000994                HAL_DMA_Init
 .text.HAL_DMA_Start_IT
                0x08000a04       0x78 Drivers\STM32F0xx_HAL_Driver\Src\stm32f0xx_hal_dma.o
                0x08000a04                HAL_DMA_Start_IT
 .text.HAL_DMA_IRQHandler
                0x08000a7c       0x9c Drivers\STM32F0xx_HAL_Driver\Src\stm32f0xx_hal_dma.o
                0x08000a7c                HAL_DMA_IRQHandler
 .text.HAL_GPIO_Init
                0x08000b18      0x1b4 Drivers\STM32F0xx_HAL_Driver\Src\stm32f0xx_hal_gpio.o
                0x08000b18                HAL_GPIO_Init
 .text.HAL_GPIO_ReadPin
                0x08000ccc        0xc Drivers\STM32F0xx_HAL_Driver\Src\stm32f0xx_hal_gpio.o
                0x08000ccc                HAL_GPIO_ReadPin
 .text.HAL_GPIO_TogglePin
                0x08000cd8        0x8 Drivers\STM32F0xx_HAL_Driver\Src\stm32f0xx_hal_gpio.o
                0x08000cd8                HAL_GPIO_TogglePin
 .text.HAL_IWDG_Init
                0x08000ce0       0x5c Drivers\STM32F0xx_HAL_Driver\Src\stm32f0xx_hal_iwdg.o
                0x08000ce0                HAL_IWDG_Init
 .text.HAL_IWDG_Refresh
                0x08000d3c       0x10 Drivers\STM32F0xx_HAL_Driver\Src\stm32f0xx_hal_iwdg.o
                0x08000d3c                HAL_IWDG_Refresh
 .text.HAL_RCC_OscConfig
                0x08000d4c      0x470 Drivers\STM32F0xx_HAL_Driver\Src\stm32f0xx_hal_rcc.o
                0x08000d4c                HAL_RCC_OscConfig
 .text.HAL_RCC_ClockConfig
                0x080011bc      0x1a4 Drivers\STM32F0xx_HAL_Driver\Src\stm32f0xx_hal_rcc.o
                0x080011bc                HAL_RCC_ClockConfig
 .text.HAL_RCC_GetHCLKFreq
                0x08001360        0xc Drivers\STM32F0xx_HAL_Driver\Src\stm32f0xx_hal_rcc.o
                0x08001360                HAL_RCC_GetHCLKFreq
 .text.HAL_TIM_Base_Init
                0x0800136c       0xe0 Drivers\STM32F0xx_HAL_Driver\Src\stm32f0xx_hal_tim.o
                0x0800136c                HAL_TIM_Base_Init
 .text.HAL_TIM_Base_Start
                0x0800144c       0x18 Drivers\STM32F0xx_HAL_Driver\Src\stm32f0xx_hal_tim.o
                0x0800144c                HAL_TIM_Base_Start
 .text.HAL_TIM_OC_Start_IT
                0x08001464       0x7c Drivers\STM32F0xx_HAL_Driver\Src\stm32f0xx_hal_tim.o
                0x08001464                HAL_TIM_OC_Start_IT
 .text.HAL_TIM_PWM_MspInit
                0x080014e0        0x4 Drivers\STM32F0xx_HAL_Driver\Src\stm32f0xx_hal_tim.o
                0x080014e0                HAL_TIM_PWM_MspInit
 .text.HAL_TIM_PWM_Init
                0x080014e4       0xe0 Drivers\STM32F0xx_HAL_Driver\Src\stm32f0xx_hal_tim.o
                0x080014e4                HAL_TIM_PWM_Init
 .text.HAL_TIM_PWM_Start
                0x080015c4       0x48 Drivers\STM32F0xx_HAL_Driver\Src\stm32f0xx_hal_tim.o
                0x080015c4                HAL_TIM_PWM_Start
 .text.HAL_TIM_IC_MspInit
                0x0800160c        0x4 Drivers\STM32F0xx_HAL_Driver\Src\stm32f0xx_hal_tim.o
                0x0800160c                HAL_TIM_IC_MspInit
 .text.HAL_TIM_IC_Init
                0x08001610       0xe0 Drivers\STM32F0xx_HAL_Driver\Src\stm32f0xx_hal_tim.o
                0x08001610                HAL_TIM_IC_Init
 .text.HAL_TIM_IC_Start_DMA
                0x080016f0       0xe8 Drivers\STM32F0xx_HAL_Driver\Src\stm32f0xx_hal_tim.o
                0x080016f0                HAL_TIM_IC_Start_DMA
 .text.HAL_TIM_IC_ConfigChannel
                0x080017d8      0x1b0 Drivers\STM32F0xx_HAL_Driver\Src\stm32f0xx_hal_tim.o
                0x080017d8                HAL_TIM_IC_ConfigChannel
 .text.HAL_TIM_PWM_ConfigChannel
                0x08001988      0x24c Drivers\STM32F0xx_HAL_Driver\Src\stm32f0xx_hal_tim.o
                0x08001988                HAL_TIM_PWM_ConfigChannel
 .text.HAL_TIM_ConfigClockSource
                0x08001bd4      0x188 Drivers\STM32F0xx_HAL_Driver\Src\stm32f0xx_hal_tim.o
                0x08001bd4                HAL_TIM_ConfigClockSource
 .text.HAL_TIM_OC_DelayElapsedCallback
                0x08001d5c        0x4 Drivers\STM32F0xx_HAL_Driver\Src\stm32f0xx_hal_tim.o
                0x08001d5c                HAL_TIM_OC_DelayElapsedCallback
 .text.HAL_TIM_IC_CaptureCallback
                0x08001d60        0x4 Drivers\STM32F0xx_HAL_Driver\Src\stm32f0xx_hal_tim.o
                0x08001d60                HAL_TIM_IC_CaptureCallback
 .text.TIM_DMACaptureCplt
                0x08001d64       0x40 Drivers\STM32F0xx_HAL_Driver\Src\stm32f0xx_hal_tim.o
                0x08001d64                TIM_DMACaptureCplt
 .text.HAL_TIM_PWM_PulseFinishedCallback
                0x08001da4        0x4 Drivers\STM32F0xx_HAL_Driver\Src\stm32f0xx_hal_tim.o
                0x08001da4                HAL_TIM_PWM_PulseFinishedCallback
 .text.HAL_TIM_TriggerCallback
                0x08001da8        0x4 Drivers\STM32F0xx_HAL_Driver\Src\stm32f0xx_hal_tim.o
                0x08001da8                HAL_TIM_TriggerCallback
 .text.HAL_TIM_IRQHandler
                0x08001dac      0x158 Drivers\STM32F0xx_HAL_Driver\Src\stm32f0xx_hal_tim.o
                0x08001dac                HAL_TIM_IRQHandler
 .text.HAL_TIM_ErrorCallback
                0x08001f04        0x4 Drivers\STM32F0xx_HAL_Driver\Src\stm32f0xx_hal_tim.o
                0x08001f04                HAL_TIM_ErrorCallback
 .text.TIM_DMAError
                0x08001f08       0x10 Drivers\STM32F0xx_HAL_Driver\Src\stm32f0xx_hal_tim.o
                0x08001f08                TIM_DMAError
 .text.HAL_TIMEx_PWMN_Start
                0x08001f18       0x28 Drivers\STM32F0xx_HAL_Driver\Src\stm32f0xx_hal_tim_ex.o
                0x08001f18                HAL_TIMEx_PWMN_Start
 .text.HAL_TIMEx_MasterConfigSynchronization
                0x08001f40       0x40 Drivers\STM32F0xx_HAL_Driver\Src\stm32f0xx_hal_tim_ex.o
                0x08001f40                HAL_TIMEx_MasterConfigSynchronization
 .text.HAL_TIMEx_ConfigBreakDeadTime
                0x08001f80       0x78 Drivers\STM32F0xx_HAL_Driver\Src\stm32f0xx_hal_tim_ex.o
                0x08001f80                HAL_TIMEx_ConfigBreakDeadTime
 .text.HAL_TIMEx_CommutationCallback
                0x08001ff8        0x4 Drivers\STM32F0xx_HAL_Driver\Src\stm32f0xx_hal_tim_ex.o
                0x08001ff8                HAL_TIMEx_CommutationCallback
 .text.HAL_TIMEx_BreakCallback
                0x08001ffc        0x4 Drivers\STM32F0xx_HAL_Driver\Src\stm32f0xx_hal_tim_ex.o
                0x08001ffc                HAL_TIMEx_BreakCallback
 .text.LL_EXTI_Init
                0x08002000       0xb4 Drivers\STM32F0xx_HAL_Driver\Src\stm32f0xx_ll_exti.o
                0x08002000                LL_EXTI_Init
 .text.LL_GPIO_Init
                0x080020b4      0x108 Drivers\STM32F0xx_HAL_Driver\Src\stm32f0xx_ll_gpio.o
                0x080020b4                LL_GPIO_Init
 .text.HAL_ADC_ConvCpltCallback
                0x080021bc       0x50 Src\main.o
                0x080021bc                HAL_ADC_ConvCpltCallback
 .text.fullBrake
                0x0800220c      0x178 Src\main.o
                0x0800220c                fullBrake
 .text.allpwm   0x08002384      0x178 Src\main.o
                0x08002384                allpwm
 .text.detectInput
                0x080024fc      0x134 Src\main.o
                0x080024fc                detectInput
 .text.computeProshotDMA
                0x08002630      0x1cc Src\main.o
                0x08002630                computeProshotDMA
 .text.computeDshotDMA
                0x080027fc      0x2e4 Src\main.o
                0x080027fc                computeDshotDMA
 .text.transferComplete
                0x08002ae0      0x23c Src\main.o
                0x08002ae0                transferComplete
 .text.playStartupTune
                0x08002d1c      0x220 Src\main.o
                0x08002d1c                playStartupTune
 .text.playInputTune
                0x08002f3c      0x218 Src\main.o
                0x08002f3c                playInputTune
 .text.getBemfState
                0x08003154       0x84 Src\main.o
                0x08003154                getBemfState
 .text.changeEXTI
                0x080031d8       0xc8 Src\main.o
                0x080031d8                changeEXTI
 .text.commutate
                0x080032a0      0x320 Src\main.o
                0x080032a0                commutate
 .text.interruptRoutine
                0x080035c0      0x12c Src\main.o
                0x080035c0                interruptRoutine
 .text.HAL_TIM_PeriodElapsedCallback
                0x080036ec        0x4 Src\main.o
                0x080036ec                HAL_TIM_PeriodElapsedCallback
 .text.zcfoundroutine
                0x080036f0       0x8c Src\main.o
                0x080036f0                zcfoundroutine
 .text.SystemClock_Config
                0x0800377c       0x70 Src\main.o
                0x0800377c                SystemClock_Config
 .text.startup.main
                0x080037ec      0x9ac Src\main.o
                0x080037ec                main
 .text._Error_Handler
                0x08004198        0x4 Src\main.o
                0x08004198                _Error_Handler
 .text.HAL_MspInit
                0x0800419c       0x44 Src\stm32f0xx_hal_msp.o
                0x0800419c                HAL_MspInit
 .text.HAL_ADC_MspInit
                0x080041e0       0x74 Src\stm32f0xx_hal_msp.o
                0x080041e0                HAL_ADC_MspInit
 .text.HAL_TIM_Base_MspInit
                0x08004254      0x108 Src\stm32f0xx_hal_msp.o
                0x08004254                HAL_TIM_Base_MspInit
 .text.HAL_TIM_MspPostInit
                0x0800435c       0x4c Src\stm32f0xx_hal_msp.o
                0x0800435c                HAL_TIM_MspPostInit
 .text.NMI_Handler
                0x080043a8        0x4 Src\stm32f0xx_it.o
                0x080043a8                NMI_Handler
 .text.HardFault_Handler
                0x080043ac        0x4 Src\stm32f0xx_it.o
                0x080043ac                HardFault_Handler
 .text.SVC_Handler
                0x080043b0        0x4 Src\stm32f0xx_it.o
                0x080043b0                SVC_Handler
 .text.PendSV_Handler
                0x080043b4        0x4 Src\stm32f0xx_it.o
                0x080043b4                PendSV_Handler
 .text.SysTick_Handler
                0x080043b8        0xc Src\stm32f0xx_it.o
                0x080043b8                SysTick_Handler
 .text.EXTI0_1_IRQHandler
                0x080043c4       0x2c Src\stm32f0xx_it.o
                0x080043c4                EXTI0_1_IRQHandler
 .text.EXTI2_3_IRQHandler
                0x080043f0       0x18 Src\stm32f0xx_it.o
                0x080043f0                EXTI2_3_IRQHandler
 .text.DMA1_Channel1_IRQHandler
                0x08004408       0x10 Src\stm32f0xx_it.o
                0x08004408                DMA1_Channel1_IRQHandler
 .text.DMA1_Channel4_5_IRQHandler
                0x08004418       0x14 Src\stm32f0xx_it.o
                0x08004418                DMA1_Channel4_5_IRQHandler
 .text.TIM2_IRQHandler
                0x0800442c       0x10 Src\stm32f0xx_it.o
                0x0800442c                TIM2_IRQHandler
 .text.TIM14_IRQHandler
                0x0800443c       0x10 Src\stm32f0xx_it.o
                0x0800443c                TIM14_IRQHandler
 .text.SystemInit
                0x0800444c       0x60 Src\system_stm32f0xx.o
                0x0800444c                SystemInit
 .text.Reset_Handler
                0x080044ac       0x50 startup\startup_stm32f031x6.o
                0x080044ac                Reset_Handler
 .text.Default_Handler
                0x080044fc        0x2 startup\startup_stm32f031x6.o
                0x080044fc                TIM1_CC_IRQHandler
                0x080044fc                PVD_IRQHandler
                0x080044fc                I2C1_IRQHandler
                0x080044fc                SPI1_IRQHandler
                0x080044fc                ADC1_IRQHandler
                0x080044fc                TIM17_IRQHandler
                0x080044fc                RTC_IRQHandler
                0x080044fc                TIM16_IRQHandler
                0x080044fc                TIM3_IRQHandler
                0x080044fc                EXTI4_15_IRQHandler
                0x080044fc                RCC_IRQHandler
                0x080044fc                Default_Handler
                0x080044fc                WWDG_IRQHandler
                0x080044fc                DMA1_Channel2_3_IRQHandler
                0x080044fc                FLASH_IRQHandler
                0x080044fc                USART1_IRQHandler
                0x080044fc                TIM1_BRK_UP_TRG_COM_IRQHandler
 *fill*         0x080044fe        0x2 
 .text.__libc_init_array
                0x08004500       0x48 c:/program files (x86)/atollic/truestudio for stm32 9.0.0/armtools/bin/../lib/gcc/arm-atollic-eabi/6.3.1/../../../../arm-atollic-eabi/lib/armv6-m\libc_nano.a(lib_a-init.o)
                0x08004500                __libc_init_array
 *(.glue_7)
 .glue_7        0x08004548        0x0 linker stubs
 *(.glue_7t)
 .glue_7t       0x08004548        0x0 linker stubs
 *(.eh_frame)
 .eh_frame      0x08004548        0x0 c:/program files (x86)/atollic/truestudio for stm32 9.0.0/armtools/bin/../lib/gcc/arm-atollic-eabi/6.3.1/armv6-m/crtbegin.o
 *(.init)
 .init          0x08004548        0x4 c:/program files (x86)/atollic/truestudio for stm32 9.0.0/armtools/bin/../lib/gcc/arm-atollic-eabi/6.3.1/armv6-m/crti.o
                0x08004548                _init
 .init          0x0800454c        0x8 c:/program files (x86)/atollic/truestudio for stm32 9.0.0/armtools/bin/../lib/gcc/arm-atollic-eabi/6.3.1/armv6-m/crtn.o
 *(.fini)
 .fini          0x08004554        0x4 c:/program files (x86)/atollic/truestudio for stm32 9.0.0/armtools/bin/../lib/gcc/arm-atollic-eabi/6.3.1/armv6-m/crti.o
                0x08004554                _fini
 .fini          0x08004558        0x8 c:/program files (x86)/atollic/truestudio for stm32 9.0.0/armtools/bin/../lib/gcc/arm-atollic-eabi/6.3.1/armv6-m/crtn.o
                0x08004560                . = ALIGN (0x4)
                0x08004560                _etext = .

.vfp11_veneer   0x08004560        0x0
 .vfp11_veneer  0x08004560        0x0 linker stubs

.v4_bx          0x08004560        0x0
 .v4_bx         0x08004560        0x0 linker stubs

.iplt           0x08004560        0x0
 .iplt          0x08004560        0x0 c:/program files (x86)/atollic/truestudio for stm32 9.0.0/armtools/bin/../lib/gcc/arm-atollic-eabi/6.3.1/armv6-m/crtbegin.o

.rodata         0x08004560       0x68
                0x08004560                . = ALIGN (0x4)
 *(.rodata)
 .rodata        0x08004560       0x20 Drivers\STM32F0xx_HAL_Driver\Src\stm32f0xx_hal_rcc.o
 *(.rodata*)
 .rodata.commutate
                0x08004580       0x1c Src\main.o
 .rodata.HAL_ADC_MspInit.str1.4
                0x0800459c       0x1c Src\stm32f0xx_hal_msp.o
                                 0x1b (size before relaxing)
 .rodata.AHBPrescTable
                0x080045b8       0x10 Src\system_stm32f0xx.o
                0x080045b8                AHBPrescTable
                0x080045c8                . = ALIGN (0x4)

.rel.dyn        0x080045c8        0x0
 .rel.iplt      0x080045c8        0x0 c:/program files (x86)/atollic/truestudio for stm32 9.0.0/armtools/bin/../lib/gcc/arm-atollic-eabi/6.3.1/armv6-m/crtbegin.o

.ARM.extab
 *(.ARM.extab* .gnu.linkonce.armextab.*)

.ARM            0x080045c8        0x0
                0x080045c8                __exidx_start = .
 *(.ARM.exidx*)
                0x080045c8                __exidx_end = .

.preinit_array  0x080045c8        0x0
                0x080045c8                PROVIDE (__preinit_array_start, .)
 *(.preinit_array*)
                0x080045c8                PROVIDE (__preinit_array_end, .)

.init_array     0x080045c8        0x4
                0x080045c8                PROVIDE (__init_array_start, .)
 *(SORT(.init_array.*))
 *(.init_array*)
 .init_array    0x080045c8        0x4 c:/program files (x86)/atollic/truestudio for stm32 9.0.0/armtools/bin/../lib/gcc/arm-atollic-eabi/6.3.1/armv6-m/crtbegin.o
                0x080045cc                PROVIDE (__init_array_end, .)

.fini_array     0x080045cc        0x4
                [!provide]                PROVIDE (__fini_array_start, .)
 *(SORT(.fini_array.*))
 *(.fini_array*)
 .fini_array    0x080045cc        0x4 c:/program files (x86)/atollic/truestudio for stm32 9.0.0/armtools/bin/../lib/gcc/arm-atollic-eabi/6.3.1/armv6-m/crtbegin.o
                [!provide]                PROVIDE (__fini_array_end, .)
                0x080045d0                _sidata = LOADADDR (.data)

.data           0x20000000       0x40 load address 0x080045d0
                0x20000000                . = ALIGN (0x4)
                0x20000000                _sdata = .
 *(.data)
 *(.data*)
 .data.advancedivisor
                0x20000000        0x4 Src\main.o
                0x20000000                advancedivisor
 .data.commutation_interval
                0x20000004        0x2 Src\main.o
                0x20000004                commutation_interval
 *fill*         0x20000006        0x2 
 .data.duty_cycle
                0x20000008        0x4 Src\main.o
                0x20000008                duty_cycle
 .data.filter_level
                0x2000000c        0x4 Src\main.o
                0x2000000c                filter_level
 .data.floating
                0x20000010        0x4 Src\main.o
                0x20000010                floating
 .data.forward  0x20000014        0x4 Src\main.o
                0x20000014                forward
 .data.input_buffer_size
                0x20000018        0x4 Src\main.o
                0x20000018                input_buffer_size
 .data.lowside  0x2000001c        0x4 Src\main.o
                0x2000001c                lowside
 .data.min_bemf_counts_down
                0x20000020        0x4 Src\main.o
                0x20000020                min_bemf_counts_down
 .data.min_bemf_counts_up
                0x20000024        0x4 Src\main.o
                0x20000024                min_bemf_counts_up
 .data.min_startup_duty
                0x20000028        0x4 Src\main.o
                0x20000028                min_startup_duty
 .data.pwm      0x2000002c        0x4 Src\main.o
                0x2000002c                pwm
 .data.rising   0x20000030        0x4 Src\main.o
                0x20000030                rising
 .data.smallestnumber
                0x20000034        0x4 Src\main.o
                0x20000034                smallestnumber
 .data.step     0x20000038        0x4 Src\main.o
                0x20000038                step
 .data.SystemCoreClock
                0x2000003c        0x4 Src\system_stm32f0xx.o
                0x2000003c                SystemCoreClock
                0x20000040                . = ALIGN (0x4)
                0x20000040                _edata = .

.igot.plt       0x20000040        0x0 load address 0x08004610
 .igot.plt      0x20000040        0x0 c:/program files (x86)/atollic/truestudio for stm32 9.0.0/armtools/bin/../lib/gcc/arm-atollic-eabi/6.3.1/armv6-m/crtbegin.o
                0x20000040                . = ALIGN (0x4)

.bss            0x20000040      0x5ac load address 0x08004610
                0x20000040                _sbss = .
                0x20000040                __bss_start__ = _sbss
 *(.bss)
 .bss           0x20000040       0x1c c:/program files (x86)/atollic/truestudio for stm32 9.0.0/armtools/bin/../lib/gcc/arm-atollic-eabi/6.3.1/armv6-m/crtbegin.o
 *(.bss*)
 .bss.ADC1ConvertedValues
                0x2000005c        0x4 Src\main.o
                0x2000005c                ADC1ConvertedValues
 .bss.advance   0x20000060        0x4 Src\main.o
                0x20000060                advance
 .bss.armed     0x20000064        0x1 Src\main.o
                0x20000064                armed
 .bss.bi_direction
                0x20000065        0x1 Src\main.o
                0x20000065                bi_direction
 .bss.coasting  0x20000066        0x1 Src\main.o
                0x20000066                coasting
 *fill*         0x20000067        0x1 
 .bss.count     0x20000068        0x4 Src\main.o
                0x20000068                count
 .bss.current_state
                0x2000006c        0x4 Src\main.o
                0x2000006c                current_state
 .bss.dpulse    0x20000070       0x40 Src\main.o
                0x20000070                dpulse
 .bss.dshot     0x200000b0        0x1 Src\main.o
                0x200000b0                dshot
 *fill*         0x200000b1        0x3 
 .bss.input     0x200000b4        0x4 Src\main.o
                0x200000b4                input
 .bss.inputSet  0x200000b8        0x1 Src\main.o
                0x200000b8                inputSet
 .bss.multishot
                0x200000b9        0x1 Src\main.o
                0x200000b9                multishot
 *fill*         0x200000ba        0x2 
 .bss.newinput  0x200000bc        0x4 Src\main.o
                0x200000bc                newinput
 .bss.oneshot125
                0x200000c0        0x1 Src\main.o
                0x200000c0                oneshot125
 .bss.oneshot42
                0x200000c1        0x1 Src\main.o
                0x200000c1                oneshot42
 *fill*         0x200000c2        0x2 
 .bss.propulse  0x200000c4       0x10 Src\main.o
                0x200000c4                propulse
 .bss.proshot   0x200000d4        0x1 Src\main.o
                0x200000d4                proshot
 *fill*         0x200000d5        0x3 
 .bss.readIndex
                0x200000d8        0x4 Src\main.o
                0x200000d8                readIndex
 .bss.reversed_direction
                0x200000dc        0x1 Src\main.o
                0x200000dc                reversed_direction
 *fill*         0x200000dd        0x3 
 .bss.running   0x200000e0        0x4 Src\main.o
                0x200000e0                running
 .bss.servoPwm  0x200000e4        0x1 Src\main.o
                0x200000e4                servoPwm
 *fill*         0x200000e5        0x3 
 .bss.signaltimeout
                0x200000e8        0x4 Src\main.o
                0x200000e8                signaltimeout
 .bss.smoothedinput
                0x200000ec        0x4 Src\main.o
                0x200000ec                smoothedinput
 .bss.stepper_sine
                0x200000f0        0x1 Src\main.o
                0x200000f0                stepper_sine
 *fill*         0x200000f1        0x3 
 .bss.stop_time
                0x200000f4        0x4 Src\main.o
                0x200000f4                stop_time
 .bss.stuckcounter
                0x200000f8        0x4 Src\main.o
                0x200000f8                stuckcounter
 .bss.temp_degrees
                0x200000fc        0x4 Src\main.o
                0x200000fc                temp_degrees
 .bss.tempraw   0x20000100        0x4 Src\main.o
                0x20000100                tempraw
 .bss.total     0x20000104        0x4 Src\main.o
                0x20000104                total
 .bss.waitTime  0x20000108        0x4 Src\main.o
                0x20000108                waitTime
 .bss.zcfound   0x2000010c        0x4 Src\main.o
                0x2000010c                zcfound
 .bss.zero_input_count
                0x20000110        0x4 Src\main.o
                0x20000110                zero_input_count
 *(COMMON)
 COMMON         0x20000114        0x4 Drivers\STM32F0xx_HAL_Driver\Src\stm32f0xx_hal.o
                0x20000114                uwTick
 COMMON         0x20000118      0x4d4 Src\main.o
                0x20000118                last_adc_channel
                0x2000011c                temp30cal
                0x20000120                calcCRC
                0x20000124                hiwdg
                0x20000134                Current_GPIO_Pin
                0x20000138                checkCRC
                0x2000013c                phase_A_position
                0x20000140                dshotcommand
                0x20000144                htim3
                0x20000184                duty_cycle_limit
                0x20000188                looptime
                0x2000018c                upthiszctime
                0x20000190                difference
                0x20000194                bemfcounter
                0x20000198                max_change
                0x2000019c                dma_buffer
                0x2000029c                wait_time
                0x200002a0                blanktime
                0x200002a4                htim1
                0x200002e4                k_erpm
                0x200002e8                readings
                0x20000478                hdma_tim2_ch4
                0x200004bc                thiszctime
                0x200004c0                offset
                0x200004c4                temp110cal
                0x200004c8                htim2
                0x20000508                htim14
                0x20000548                phase_C_position
                0x2000054c                lastzctime
                0x20000550                hdma_adc
                0x20000594                hadc
                0x200005e0                phase_B_position
                0x200005e4                uplastzctime
                0x200005e8                zero_crosses
                0x200005ec                . = ALIGN (0x4)
                0x200005ec                _ebss = .
                0x200005ec                __bss_end__ = _ebss

._user_heap_stack
                0x200005ec      0x600 load address 0x08004610
                0x200005ec                . = ALIGN (0x4)
                [!provide]                PROVIDE (end, .)
                [!provide]                PROVIDE (_end, .)
                0x200007ec                . = (. + _Min_Heap_Size)
 *fill*         0x200005ec      0x200 
                0x20000bec                . = (. + _Min_Stack_Size)
 *fill*         0x200007ec      0x400 
                0x20000bec                . = ALIGN (0x4)

/DISCARD/
 libc.a(*)
 libm.a(*)
 libgcc.a(*)

.ARM.attributes
                0x00000000       0x28
 *(.ARM.attributes)
 .ARM.attributes
                0x00000000       0x1e c:/program files (x86)/atollic/truestudio for stm32 9.0.0/armtools/bin/../lib/gcc/arm-atollic-eabi/6.3.1/armv6-m/crti.o
 .ARM.attributes
                0x0000001e       0x2c c:/program files (x86)/atollic/truestudio for stm32 9.0.0/armtools/bin/../lib/gcc/arm-atollic-eabi/6.3.1/armv6-m/crtbegin.o
 .ARM.attributes
                0x0000004a       0x2d Drivers\STM32F0xx_HAL_Driver\Src\stm32f0xx_hal.o
 .ARM.attributes
                0x00000077       0x2d Drivers\STM32F0xx_HAL_Driver\Src\stm32f0xx_hal_adc.o
 .ARM.attributes
                0x000000a4       0x2d Drivers\STM32F0xx_HAL_Driver\Src\stm32f0xx_hal_cortex.o
 .ARM.attributes
                0x000000d1       0x2d Drivers\STM32F0xx_HAL_Driver\Src\stm32f0xx_hal_dma.o
 .ARM.attributes
                0x000000fe       0x2d Drivers\STM32F0xx_HAL_Driver\Src\stm32f0xx_hal_gpio.o
 .ARM.attributes
                0x0000012b       0x2d Drivers\STM32F0xx_HAL_Driver\Src\stm32f0xx_hal_iwdg.o
 .ARM.attributes
                0x00000158       0x2d Drivers\STM32F0xx_HAL_Driver\Src\stm32f0xx_hal_rcc.o
 .ARM.attributes
                0x00000185       0x2d Drivers\STM32F0xx_HAL_Driver\Src\stm32f0xx_hal_tim.o
 .ARM.attributes
                0x000001b2       0x2d Drivers\STM32F0xx_HAL_Driver\Src\stm32f0xx_hal_tim_ex.o
 .ARM.attributes
                0x000001df       0x2d Drivers\STM32F0xx_HAL_Driver\Src\stm32f0xx_ll_exti.o
 .ARM.attributes
                0x0000020c       0x2d Drivers\STM32F0xx_HAL_Driver\Src\stm32f0xx_ll_gpio.o
 .ARM.attributes
                0x00000239       0x2d Src\main.o
 .ARM.attributes
                0x00000266       0x2d Src\stm32f0xx_hal_msp.o
 .ARM.attributes
                0x00000293       0x2d Src\stm32f0xx_it.o
 .ARM.attributes
                0x000002c0       0x2d Src\system_stm32f0xx.o
 .ARM.attributes
                0x000002ed       0x21 startup\startup_stm32f031x6.o
 .ARM.attributes
                0x0000030e       0x2c c:/program files (x86)/atollic/truestudio for stm32 9.0.0/armtools/bin/../lib/gcc/arm-atollic-eabi/6.3.1/../../../../arm-atollic-eabi/lib/armv6-m\libc_nano.a(lib_a-init.o)
 .ARM.attributes
                0x0000033a       0x1e c:/program files (x86)/atollic/truestudio for stm32 9.0.0/armtools/bin/../lib/gcc/arm-atollic-eabi/6.3.1/armv6-m\libgcc.a(_udivsi3.o)
 .ARM.attributes
                0x00000358       0x1e c:/program files (x86)/atollic/truestudio for stm32 9.0.0/armtools/bin/../lib/gcc/arm-atollic-eabi/6.3.1/armv6-m\libgcc.a(_divsi3.o)
 .ARM.attributes
                0x00000376       0x1e c:/program files (x86)/atollic/truestudio for stm32 9.0.0/armtools/bin/../lib/gcc/arm-atollic-eabi/6.3.1/armv6-m\libgcc.a(_dvmd_tls.o)
 .ARM.attributes
                0x00000394       0x1e c:/program files (x86)/atollic/truestudio for stm32 9.0.0/armtools/bin/../lib/gcc/arm-atollic-eabi/6.3.1/armv6-m/crtn.o
OUTPUT(stm32f0_op_amp_interrupt.elf elf32-littlearm)

.debug_info     0x00000000    0x18363
 .debug_info    0x00000000      0xe5d Drivers\STM32F0xx_HAL_Driver\Src\stm32f0xx_hal.o
 .debug_info    0x00000e5d     0x17a1 Drivers\STM32F0xx_HAL_Driver\Src\stm32f0xx_hal_adc.o
 .debug_info    0x000025fe     0x100d Drivers\STM32F0xx_HAL_Driver\Src\stm32f0xx_hal_cortex.o
 .debug_info    0x0000360b     0x1073 Drivers\STM32F0xx_HAL_Driver\Src\stm32f0xx_hal_dma.o
 .debug_info    0x0000467e      0xe72 Drivers\STM32F0xx_HAL_Driver\Src\stm32f0xx_hal_gpio.o
 .debug_info    0x000054f0      0xabf Drivers\STM32F0xx_HAL_Driver\Src\stm32f0xx_hal_iwdg.o
 .debug_info    0x00005faf     0x11c6 Drivers\STM32F0xx_HAL_Driver\Src\stm32f0xx_hal_rcc.o
 .debug_info    0x00007175     0x455e Drivers\STM32F0xx_HAL_Driver\Src\stm32f0xx_hal_tim.o
 .debug_info    0x0000b6d3     0x1b41 Drivers\STM32F0xx_HAL_Driver\Src\stm32f0xx_hal_tim_ex.o
 .debug_info    0x0000d214      0xcee Drivers\STM32F0xx_HAL_Driver\Src\stm32f0xx_ll_exti.o
 .debug_info    0x0000df02      0xf37 Drivers\STM32F0xx_HAL_Driver\Src\stm32f0xx_ll_gpio.o
 .debug_info    0x0000ee39     0x638e Src\main.o
 .debug_info    0x000151c7     0x15da Src\stm32f0xx_hal_msp.o
 .debug_info    0x000167a1     0x109a Src\stm32f0xx_it.o
 .debug_info    0x0001783b      0xa8d Src\system_stm32f0xx.o
 .debug_info    0x000182c8       0x9b startup\startup_stm32f031x6.o

.debug_abbrev   0x00000000     0x2bec
 .debug_abbrev  0x00000000      0x2e0 Drivers\STM32F0xx_HAL_Driver\Src\stm32f0xx_hal.o
 .debug_abbrev  0x000002e0      0x33e Drivers\STM32F0xx_HAL_Driver\Src\stm32f0xx_hal_adc.o
 .debug_abbrev  0x0000061e      0x319 Drivers\STM32F0xx_HAL_Driver\Src\stm32f0xx_hal_cortex.o
 .debug_abbrev  0x00000937      0x2ae Drivers\STM32F0xx_HAL_Driver\Src\stm32f0xx_hal_dma.o
 .debug_abbrev  0x00000be5      0x286 Drivers\STM32F0xx_HAL_Driver\Src\stm32f0xx_hal_gpio.o
 .debug_abbrev  0x00000e6b      0x1f3 Drivers\STM32F0xx_HAL_Driver\Src\stm32f0xx_hal_iwdg.o
 .debug_abbrev  0x0000105e      0x34a Drivers\STM32F0xx_HAL_Driver\Src\stm32f0xx_hal_rcc.o
 .debug_abbrev  0x000013a8      0x3c4 Drivers\STM32F0xx_HAL_Driver\Src\stm32f0xx_hal_tim.o
 .debug_abbrev  0x0000176c      0x36a Drivers\STM32F0xx_HAL_Driver\Src\stm32f0xx_hal_tim_ex.o
 .debug_abbrev  0x00001ad6      0x26b Drivers\STM32F0xx_HAL_Driver\Src\stm32f0xx_ll_exti.o
 .debug_abbrev  0x00001d41      0x274 Drivers\STM32F0xx_HAL_Driver\Src\stm32f0xx_ll_gpio.o
 .debug_abbrev  0x00001fb5      0x56c Src\main.o
 .debug_abbrev  0x00002521      0x249 Src\stm32f0xx_hal_msp.o
 .debug_abbrev  0x0000276a      0x297 Src\stm32f0xx_it.o
 .debug_abbrev  0x00002a01      0x1d9 Src\system_stm32f0xx.o
 .debug_abbrev  0x00002bda       0x12 startup\startup_stm32f031x6.o

.debug_loc      0x00000000     0xdb3e
 .debug_loc     0x00000000       0x7c Drivers\STM32F0xx_HAL_Driver\Src\stm32f0xx_hal.o
 .debug_loc     0x0000007c      0xd48 Drivers\STM32F0xx_HAL_Driver\Src\stm32f0xx_hal_adc.o
 .debug_loc     0x00000dc4      0x409 Drivers\STM32F0xx_HAL_Driver\Src\stm32f0xx_hal_cortex.o
 .debug_loc     0x000011cd      0x854 Drivers\STM32F0xx_HAL_Driver\Src\stm32f0xx_hal_dma.o
 .debug_loc     0x00001a21      0x427 Drivers\STM32F0xx_HAL_Driver\Src\stm32f0xx_hal_gpio.o
 .debug_loc     0x00001e48       0xa2 Drivers\STM32F0xx_HAL_Driver\Src\stm32f0xx_hal_iwdg.o
 .debug_loc     0x00001eea      0x617 Drivers\STM32F0xx_HAL_Driver\Src\stm32f0xx_hal_rcc.o
 .debug_loc     0x00002501     0x5f92 Drivers\STM32F0xx_HAL_Driver\Src\stm32f0xx_hal_tim.o
 .debug_loc     0x00008493      0xdd8 Drivers\STM32F0xx_HAL_Driver\Src\stm32f0xx_hal_tim_ex.o
 .debug_loc     0x0000926b      0x19a Drivers\STM32F0xx_HAL_Driver\Src\stm32f0xx_ll_exti.o
 .debug_loc     0x00009405      0x4be Drivers\STM32F0xx_HAL_Driver\Src\stm32f0xx_ll_gpio.o
 .debug_loc     0x000098c3     0x3f60 Src\main.o
 .debug_loc     0x0000d823      0x17c Src\stm32f0xx_hal_msp.o
 .debug_loc     0x0000d99f       0x78 Src\stm32f0xx_it.o
 .debug_loc     0x0000da17      0x127 Src\system_stm32f0xx.o

.debug_aranges  0x00000000      0x960
 .debug_aranges
                0x00000000       0xb0 Drivers\STM32F0xx_HAL_Driver\Src\stm32f0xx_hal.o
 .debug_aranges
                0x000000b0       0xc0 Drivers\STM32F0xx_HAL_Driver\Src\stm32f0xx_hal_adc.o
 .debug_aranges
                0x00000170       0x78 Drivers\STM32F0xx_HAL_Driver\Src\stm32f0xx_hal_cortex.o
 .debug_aranges
                0x000001e8       0x78 Drivers\STM32F0xx_HAL_Driver\Src\stm32f0xx_hal_dma.o
 .debug_aranges
                0x00000260       0x58 Drivers\STM32F0xx_HAL_Driver\Src\stm32f0xx_hal_gpio.o
 .debug_aranges
                0x000002b8       0x28 Drivers\STM32F0xx_HAL_Driver\Src\stm32f0xx_hal_iwdg.o
 .debug_aranges
                0x000002e0       0x80 Drivers\STM32F0xx_HAL_Driver\Src\stm32f0xx_hal_rcc.o
 .debug_aranges
                0x00000360      0x248 Drivers\STM32F0xx_HAL_Driver\Src\stm32f0xx_hal_tim.o
 .debug_aranges
                0x000005a8       0xe8 Drivers\STM32F0xx_HAL_Driver\Src\stm32f0xx_hal_tim_ex.o
 .debug_aranges
                0x00000690       0x30 Drivers\STM32F0xx_HAL_Driver\Src\stm32f0xx_ll_exti.o
 .debug_aranges
                0x000006c0       0x30 Drivers\STM32F0xx_HAL_Driver\Src\stm32f0xx_ll_gpio.o
 .debug_aranges
                0x000006f0      0x178 Src\main.o
 .debug_aranges
                0x00000868       0x48 Src\stm32f0xx_hal_msp.o
 .debug_aranges
                0x000008b0       0x60 Src\stm32f0xx_it.o
 .debug_aranges
                0x00000910       0x28 Src\system_stm32f0xx.o
 .debug_aranges
                0x00000938       0x28 startup\startup_stm32f031x6.o

.debug_ranges   0x00000000     0x2988
 .debug_ranges  0x00000000       0xa0 Drivers\STM32F0xx_HAL_Driver\Src\stm32f0xx_hal.o
 .debug_ranges  0x000000a0      0x1a0 Drivers\STM32F0xx_HAL_Driver\Src\stm32f0xx_hal_adc.o
 .debug_ranges  0x00000240      0x100 Drivers\STM32F0xx_HAL_Driver\Src\stm32f0xx_hal_cortex.o
 .debug_ranges  0x00000340      0x108 Drivers\STM32F0xx_HAL_Driver\Src\stm32f0xx_hal_dma.o
 .debug_ranges  0x00000448       0x80 Drivers\STM32F0xx_HAL_Driver\Src\stm32f0xx_hal_gpio.o
 .debug_ranges  0x000004c8       0x18 Drivers\STM32F0xx_HAL_Driver\Src\stm32f0xx_hal_iwdg.o
 .debug_ranges  0x000004e0       0xe8 Drivers\STM32F0xx_HAL_Driver\Src\stm32f0xx_hal_rcc.o
 .debug_ranges  0x000005c8      0xa50 Drivers\STM32F0xx_HAL_Driver\Src\stm32f0xx_hal_tim.o
 .debug_ranges  0x00001018      0x180 Drivers\STM32F0xx_HAL_Driver\Src\stm32f0xx_hal_tim_ex.o
 .debug_ranges  0x00001198       0x50 Drivers\STM32F0xx_HAL_Driver\Src\stm32f0xx_ll_exti.o
 .debug_ranges  0x000011e8       0xd8 Drivers\STM32F0xx_HAL_Driver\Src\stm32f0xx_ll_gpio.o
 .debug_ranges  0x000012c0     0x1538 Src\main.o
 .debug_ranges  0x000027f8       0xd8 Src\stm32f0xx_hal_msp.o
 .debug_ranges  0x000028d0       0x80 Src\stm32f0xx_it.o
 .debug_ranges  0x00002950       0x18 Src\system_stm32f0xx.o
 .debug_ranges  0x00002968       0x20 startup\startup_stm32f031x6.o

.debug_line     0x00000000     0x6c84
 .debug_line    0x00000000      0x456 Drivers\STM32F0xx_HAL_Driver\Src\stm32f0xx_hal.o
 .debug_line    0x00000456      0x8e8 Drivers\STM32F0xx_HAL_Driver\Src\stm32f0xx_hal_adc.o
 .debug_line    0x00000d3e      0x431 Drivers\STM32F0xx_HAL_Driver\Src\stm32f0xx_hal_cortex.o
 .debug_line    0x0000116f      0x5cc Drivers\STM32F0xx_HAL_Driver\Src\stm32f0xx_hal_dma.o
 .debug_line    0x0000173b      0x43a Drivers\STM32F0xx_HAL_Driver\Src\stm32f0xx_hal_gpio.o
 .debug_line    0x00001b75      0x2fb Drivers\STM32F0xx_HAL_Driver\Src\stm32f0xx_hal_iwdg.o
 .debug_line    0x00001e70      0x67b Drivers\STM32F0xx_HAL_Driver\Src\stm32f0xx_hal_rcc.o
 .debug_line    0x000024eb     0x193e Drivers\STM32F0xx_HAL_Driver\Src\stm32f0xx_hal_tim.o
 .debug_line    0x00003e29      0x800 Drivers\STM32F0xx_HAL_Driver\Src\stm32f0xx_hal_tim_ex.o
 .debug_line    0x00004629      0x322 Drivers\STM32F0xx_HAL_Driver\Src\stm32f0xx_ll_exti.o
 .debug_line    0x0000494b      0x3bf Drivers\STM32F0xx_HAL_Driver\Src\stm32f0xx_ll_gpio.o
 .debug_line    0x00004d0a     0x147a Src\main.o
 .debug_line    0x00006184      0x40b Src\stm32f0xx_hal_msp.o
 .debug_line    0x0000658f      0x3d9 Src\stm32f0xx_it.o
 .debug_line    0x00006968      0x299 Src\system_stm32f0xx.o
 .debug_line    0x00006c01       0x83 startup\startup_stm32f031x6.o

.debug_str      0x00000000     0x3a15
 .debug_str     0x00000000      0x9b3 Drivers\STM32F0xx_HAL_Driver\Src\stm32f0xx_hal.o
                                0xa54 (size before relaxing)
 .debug_str     0x000009b3      0x683 Drivers\STM32F0xx_HAL_Driver\Src\stm32f0xx_hal_adc.o
                                0xd49 (size before relaxing)
 .debug_str     0x00001036      0x1d0 Drivers\STM32F0xx_HAL_Driver\Src\stm32f0xx_hal_cortex.o
                                0xa5c (size before relaxing)
 .debug_str     0x00001206      0x238 Drivers\STM32F0xx_HAL_Driver\Src\stm32f0xx_hal_dma.o
                                0xab2 (size before relaxing)
 .debug_str     0x0000143e      0x193 Drivers\STM32F0xx_HAL_Driver\Src\stm32f0xx_hal_gpio.o
                                0x8a3 (size before relaxing)
 .debug_str     0x000015d1       0xa2 Drivers\STM32F0xx_HAL_Driver\Src\stm32f0xx_hal_iwdg.o
                                0x72a (size before relaxing)
 .debug_str     0x00001673      0x2e0 Drivers\STM32F0xx_HAL_Driver\Src\stm32f0xx_hal_rcc.o
                                0xa7c (size before relaxing)
 .debug_str     0x00001953      0xf37 Drivers\STM32F0xx_HAL_Driver\Src\stm32f0xx_hal_tim.o
                               0x181e (size before relaxing)
 .debug_str     0x0000288a      0x50d Drivers\STM32F0xx_HAL_Driver\Src\stm32f0xx_hal_tim_ex.o
                               0x1090 (size before relaxing)
 .debug_str     0x00002d97      0x1aa Drivers\STM32F0xx_HAL_Driver\Src\stm32f0xx_ll_exti.o
                                0x80c (size before relaxing)
 .debug_str     0x00002f41      0x15d Drivers\STM32F0xx_HAL_Driver\Src\stm32f0xx_ll_gpio.o
                                0x84a (size before relaxing)
 .debug_str     0x0000309e      0x7ed Src\main.o
                               0x1d3c (size before relaxing)
 .debug_str     0x0000388b       0x25 Src\stm32f0xx_hal_msp.o
                                0xeb9 (size before relaxing)
 .debug_str     0x000038b0      0x10b Src\stm32f0xx_it.o
                                0xb94 (size before relaxing)
 .debug_str     0x000039bb       0x5a Src\system_stm32f0xx.o
                                0x6c9 (size before relaxing)

.comment        0x00000000       0x7c
 .comment       0x00000000       0x7c Drivers\STM32F0xx_HAL_Driver\Src\stm32f0xx_hal.o
                                 0x7d (size before relaxing)
 .comment       0x0000007c       0x7d Drivers\STM32F0xx_HAL_Driver\Src\stm32f0xx_hal_adc.o
 .comment       0x0000007c       0x7d Drivers\STM32F0xx_HAL_Driver\Src\stm32f0xx_hal_cortex.o
 .comment       0x0000007c       0x7d Drivers\STM32F0xx_HAL_Driver\Src\stm32f0xx_hal_dma.o
 .comment       0x0000007c       0x7d Drivers\STM32F0xx_HAL_Driver\Src\stm32f0xx_hal_gpio.o
 .comment       0x0000007c       0x7d Drivers\STM32F0xx_HAL_Driver\Src\stm32f0xx_hal_iwdg.o
 .comment       0x0000007c       0x7d Drivers\STM32F0xx_HAL_Driver\Src\stm32f0xx_hal_rcc.o
 .comment       0x0000007c       0x7d Drivers\STM32F0xx_HAL_Driver\Src\stm32f0xx_hal_tim.o
 .comment       0x0000007c       0x7d Drivers\STM32F0xx_HAL_Driver\Src\stm32f0xx_hal_tim_ex.o
 .comment       0x0000007c       0x7d Drivers\STM32F0xx_HAL_Driver\Src\stm32f0xx_ll_exti.o
 .comment       0x0000007c       0x7d Drivers\STM32F0xx_HAL_Driver\Src\stm32f0xx_ll_gpio.o
 .comment       0x0000007c       0x7d Src\main.o
 .comment       0x0000007c       0x7d Src\stm32f0xx_hal_msp.o
 .comment       0x0000007c       0x7d Src\stm32f0xx_it.o
 .comment       0x0000007c       0x7d Src\system_stm32f0xx.o

.debug_frame    0x00000000     0x1b18
 .debug_frame   0x00000000      0x174 Drivers\STM32F0xx_HAL_Driver\Src\stm32f0xx_hal.o
 .debug_frame   0x00000174      0x280 Drivers\STM32F0xx_HAL_Driver\Src\stm32f0xx_hal_adc.o
 .debug_frame   0x000003f4       0xe4 Drivers\STM32F0xx_HAL_Driver\Src\stm32f0xx_hal_cortex.o
 .debug_frame   0x000004d8      0x158 Drivers\STM32F0xx_HAL_Driver\Src\stm32f0xx_hal_dma.o
 .debug_frame   0x00000630       0xd4 Drivers\STM32F0xx_HAL_Driver\Src\stm32f0xx_hal_gpio.o
 .debug_frame   0x00000704       0x3c Drivers\STM32F0xx_HAL_Driver\Src\stm32f0xx_hal_iwdg.o
 .debug_frame   0x00000740      0x140 Drivers\STM32F0xx_HAL_Driver\Src\stm32f0xx_hal_rcc.o
 .debug_frame   0x00000880      0x860 Drivers\STM32F0xx_HAL_Driver\Src\stm32f0xx_hal_tim.o
 .debug_frame   0x000010e0      0x310 Drivers\STM32F0xx_HAL_Driver\Src\stm32f0xx_hal_tim_ex.o
 .debug_frame   0x000013f0       0x48 Drivers\STM32F0xx_HAL_Driver\Src\stm32f0xx_ll_exti.o
 .debug_frame   0x00001438       0x58 Drivers\STM32F0xx_HAL_Driver\Src\stm32f0xx_ll_gpio.o
 .debug_frame   0x00001490      0x43c Src\main.o
 .debug_frame   0x000018cc       0xb0 Src\stm32f0xx_hal_msp.o
 .debug_frame   0x0000197c       0xf8 Src\stm32f0xx_it.o
 .debug_frame   0x00001a74       0x38 Src\system_stm32f0xx.o
 .debug_frame   0x00001aac       0x2c c:/program files (x86)/atollic/truestudio for stm32 9.0.0/armtools/bin/../lib/gcc/arm-atollic-eabi/6.3.1/../../../../arm-atollic-eabi/lib/armv6-m\libc_nano.a(lib_a-init.o)
 .debug_frame   0x00001ad8       0x20 c:/program files (x86)/atollic/truestudio for stm32 9.0.0/armtools/bin/../lib/gcc/arm-atollic-eabi/6.3.1/armv6-m\libgcc.a(_udivsi3.o)
 .debug_frame   0x00001af8       0x20 c:/program files (x86)/atollic/truestudio for stm32 9.0.0/armtools/bin/../lib/gcc/arm-atollic-eabi/6.3.1/armv6-m\libgcc.a(_divsi3.o)
