Archive member included to satisfy reference by file (symbol)

c:/program files (x86)/atollic/truestudio for stm32 9.0.0/armtools/bin/../lib/gcc/arm-atollic-eabi/6.3.1/../../../../arm-atollic-eabi/lib/armv6-m\libc_nano.a(lib_a-init.o)
                              startup\startup_stm32f031x6.o (__libc_init_array)
c:/program files (x86)/atollic/truestudio for stm32 9.0.0/armtools/bin/../lib/gcc/arm-atollic-eabi/6.3.1/../../../../arm-atollic-eabi/lib/armv6-m\libc_nano.a(lib_a-memcpy-stub.o)
                              Drivers\STM32F0xx_HAL_Driver\Src\stm32f0xx_hal_rcc.o (memcpy)
c:/program files (x86)/atollic/truestudio for stm32 9.0.0/armtools/bin/../lib/gcc/arm-atollic-eabi/6.3.1/armv6-m\libgcc.a(_thumb1_case_uqi.o)
                              Drivers\STM32F0xx_HAL_Driver\Src\stm32f0xx_hal_dma.o (__gnu_thumb1_case_uqi)
c:/program files (x86)/atollic/truestudio for stm32 9.0.0/armtools/bin/../lib/gcc/arm-atollic-eabi/6.3.1/armv6-m\libgcc.a(_udivsi3.o)
                              Drivers\STM32F0xx_HAL_Driver\Src\stm32f0xx_hal.o (__aeabi_uidiv)
c:/program files (x86)/atollic/truestudio for stm32 9.0.0/armtools/bin/../lib/gcc/arm-atollic-eabi/6.3.1/armv6-m\libgcc.a(_divsi3.o)
                              Src\main.o (__aeabi_idiv)
c:/program files (x86)/atollic/truestudio for stm32 9.0.0/armtools/bin/../lib/gcc/arm-atollic-eabi/6.3.1/armv6-m\libgcc.a(_dvmd_tls.o)
                              c:/program files (x86)/atollic/truestudio for stm32 9.0.0/armtools/bin/../lib/gcc/arm-atollic-eabi/6.3.1/armv6-m\libgcc.a(_udivsi3.o) (__aeabi_idiv0)
c:/program files (x86)/atollic/truestudio for stm32 9.0.0/armtools/bin/../lib/gcc/arm-atollic-eabi/6.3.1/armv6-m\libgcc.a(_lshrdi3.o)
                              Drivers\STM32F0xx_HAL_Driver\Src\stm32f0xx_hal_flash.o (__aeabi_llsr)

Allocating common symbols
Common symbol       size              file

last_adc_channel    0x4               Src\main.o
calcCRC             0x4               Src\main.o
hiwdg               0x10              Src\main.o
checkCRC            0x4               Src\main.o
phase_A_position    0x4               Src\main.o
uwTick              0x4               Drivers\STM32F0xx_HAL_Driver\Src\stm32f0xx_hal.o
pFlash              0x20              Drivers\STM32F0xx_HAL_Driver\Src\stm32f0xx_hal_flash.o
dshotcommand        0x4               Src\main.o
htim3               0x40              Src\main.o
looptime            0x4               Src\main.o
upthiszctime        0x4               Src\main.o
difference          0x4               Src\main.o
bemfcounter         0x4               Src\main.o
dma_buffer          0x100             Src\main.o
wait_time           0x4               Src\main.o
blanktime           0x4               Src\main.o
htim1               0x40              Src\main.o
hdma_tim2_ch4       0x44              Src\main.o
thiszctime          0x4               Src\main.o
htim2               0x40              Src\main.o
htim14              0x40              Src\main.o
phase_C_position    0x4               Src\main.o
lastzctime          0x4               Src\main.o
phase_B_position    0x4               Src\main.o
uplastzctime        0x4               Src\main.o

Discarded input sections

 .text          0x00000000        0x0 c:/program files (x86)/atollic/truestudio for stm32 9.0.0/armtools/bin/../lib/gcc/arm-atollic-eabi/6.3.1/armv6-m/crti.o
 .data          0x00000000        0x0 c:/program files (x86)/atollic/truestudio for stm32 9.0.0/armtools/bin/../lib/gcc/arm-atollic-eabi/6.3.1/armv6-m/crti.o
 .bss           0x00000000        0x0 c:/program files (x86)/atollic/truestudio for stm32 9.0.0/armtools/bin/../lib/gcc/arm-atollic-eabi/6.3.1/armv6-m/crti.o
 .data          0x00000000        0x4 c:/program files (x86)/atollic/truestudio for stm32 9.0.0/armtools/bin/../lib/gcc/arm-atollic-eabi/6.3.1/armv6-m/crtbegin.o
 .text          0x00000000        0x0 Drivers\STM32F0xx_HAL_Driver\Src\stm32f0xx_hal.o
 .data          0x00000000        0x0 Drivers\STM32F0xx_HAL_Driver\Src\stm32f0xx_hal.o
 .bss           0x00000000        0x0 Drivers\STM32F0xx_HAL_Driver\Src\stm32f0xx_hal.o
 .text.HAL_MspInit
                0x00000000        0x2 Drivers\STM32F0xx_HAL_Driver\Src\stm32f0xx_hal.o
 .text.HAL_MspDeInit
                0x00000000        0x2 Drivers\STM32F0xx_HAL_Driver\Src\stm32f0xx_hal.o
 .text.HAL_DeInit
                0x00000000       0x24 Drivers\STM32F0xx_HAL_Driver\Src\stm32f0xx_hal.o
 .text.HAL_SuspendTick
                0x00000000       0x10 Drivers\STM32F0xx_HAL_Driver\Src\stm32f0xx_hal.o
 .text.HAL_ResumeTick
                0x00000000       0x10 Drivers\STM32F0xx_HAL_Driver\Src\stm32f0xx_hal.o
 .text.HAL_GetHalVersion
                0x00000000        0x8 Drivers\STM32F0xx_HAL_Driver\Src\stm32f0xx_hal.o
 .text.HAL_GetREVID
                0x00000000        0xc Drivers\STM32F0xx_HAL_Driver\Src\stm32f0xx_hal.o
 .text.HAL_GetDEVID
                0x00000000       0x10 Drivers\STM32F0xx_HAL_Driver\Src\stm32f0xx_hal.o
 .text.HAL_GetUIDw0
[...]
Memory Configuration

Name             Origin             Length             Attributes
RAM              0x20000000         0x00001000         xrw
FLASH            0x08000000         0x00008000         xr
*default*        0x00000000         0xffffffff

Linker script and memory map

LOAD c:/program files (x86)/atollic/truestudio for stm32 9.0.0/armtools/bin/../lib/gcc/arm-atollic-eabi/6.3.1/armv6-m/crti.o
LOAD c:/program files (x86)/atollic/truestudio for stm32 9.0.0/armtools/bin/../lib/gcc/arm-atollic-eabi/6.3.1/armv6-m/crtbegin.o
LOAD Drivers\STM32F0xx_HAL_Driver\Src\stm32f0xx_hal.o
LOAD Drivers\STM32F0xx_HAL_Driver\Src\stm32f0xx_hal_cortex.o
LOAD Drivers\STM32F0xx_HAL_Driver\Src\stm32f0xx_hal_dma.o
LOAD Drivers\STM32F0xx_HAL_Driver\Src\stm32f0xx_hal_flash.o
LOAD Drivers\STM32F0xx_HAL_Driver\Src\stm32f0xx_hal_flash_ex.o
LOAD Drivers\STM32F0xx_HAL_Driver\Src\stm32f0xx_hal_gpio.o
LOAD Drivers\STM32F0xx_HAL_Driver\Src\stm32f0xx_hal_i2c.o
LOAD Drivers\STM32F0xx_HAL_Driver\Src\stm32f0xx_hal_i2c_ex.o
LOAD Drivers\STM32F0xx_HAL_Driver\Src\stm32f0xx_hal_iwdg.o
LOAD Drivers\STM32F0xx_HAL_Driver\Src\stm32f0xx_hal_pwr.o
LOAD Drivers\STM32F0xx_HAL_Driver\Src\stm32f0xx_hal_pwr_ex.o
LOAD Drivers\STM32F0xx_HAL_Driver\Src\stm32f0xx_hal_rcc.o
LOAD Drivers\STM32F0xx_HAL_Driver\Src\stm32f0xx_hal_rcc_ex.o
LOAD Drivers\STM32F0xx_HAL_Driver\Src\stm32f0xx_hal_tim.o
LOAD Drivers\STM32F0xx_HAL_Driver\Src\stm32f0xx_hal_tim_ex.o
LOAD Drivers\STM32F0xx_HAL_Driver\Src\stm32f0xx_ll_exti.o
LOAD Drivers\STM32F0xx_HAL_Driver\Src\stm32f0xx_ll_gpio.o
LOAD Drivers\STM32F0xx_HAL_Driver\Src\stm32f0xx_ll_utils.o
LOAD Src\main.o
LOAD Src\stm32f0xx_hal_msp.o
LOAD Src\stm32f0xx_it.o
LOAD Src\system_stm32f0xx.o
LOAD Src\tune.o
LOAD startup\startup_stm32f031x6.o
                0x00000080                malloc_getpagesize_P = 0x80
START GROUP
LOAD c:/program files (x86)/atollic/truestudio for stm32 9.0.0/armtools/bin/../lib/gcc/arm-atollic-eabi/6.3.1/../../../../arm-atollic-eabi/lib/armv6-m\libc_nano.a
LOAD c:/program files (x86)/atollic/truestudio for stm32 9.0.0/armtools/bin/../lib/gcc/arm-atollic-eabi/6.3.1/../../../../arm-atollic-eabi/lib/armv6-m\libm.a
END GROUP
START GROUP
LOAD c:/program files (x86)/atollic/truestudio for stm32 9.0.0/armtools/bin/../lib/gcc/arm-atollic-eabi/6.3.1/armv6-m\libgcc.a
LOAD c:/program files (x86)/atollic/truestudio for stm32 9.0.0/armtools/bin/../lib/gcc/arm-atollic-eabi/6.3.1/../../../../arm-atollic-eabi/lib/armv6-m\libc_nano.a
END GROUP
START GROUP
LOAD c:/program files (x86)/atollic/truestudio for stm32 9.0.0/armtools/bin/../lib/gcc/arm-atollic-eabi/6.3.1/armv6-m\libgcc.a
LOAD c:/program files (x86)/atollic/truestudio for stm32 9.0.0/armtools/bin/../lib/gcc/arm-atollic-eabi/6.3.1/../../../../arm-atollic-eabi/lib/armv6-m\libc_nano.a
LOAD c:/program files (x86)/atollic/truestudio for stm32 9.0.0/armtools/bin/../lib/gcc/arm-atollic-eabi/6.3.1/../../../../arm-atollic-eabi/lib/armv6-m\libnosys.a
END GROUP
START GROUP
LOAD c:/program files (x86)/atollic/truestudio for stm32 9.0.0/armtools/bin/../lib/gcc/arm-atollic-eabi/6.3.1/armv6-m\libgcc.a
LOAD c:/program files (x86)/atollic/truestudio for stm32 9.0.0/armtools/bin/../lib/gcc/arm-atollic-eabi/6.3.1/../../../../arm-atollic-eabi/lib/armv6-m\libc_nano.a
LOAD c:/program files (x86)/atollic/truestudio for stm32 9.0.0/armtools/bin/../lib/gcc/arm-atollic-eabi/6.3.1/../../../../arm-atollic-eabi/lib/armv6-m\libnosys.a
END GROUP
LOAD c:/program files (x86)/atollic/truestudio for stm32 9.0.0/armtools/bin/../lib/gcc/arm-atollic-eabi/6.3.1/armv6-m/crtend.o
LOAD c:/program files (x86)/atollic/truestudio for stm32 9.0.0/armtools/bin/../lib/gcc/arm-atollic-eabi/6.3.1/armv6-m/crtn.o
                0x20001000                _estack = 0x20001000
                0x00000200                _Min_Heap_Size = 0x200
                0x00000400                _Min_Stack_Size = 0x400

.isr_vector     0x08000000       0xc0
                0x08000000                . = ALIGN (0x4)
 *(.isr_vector)
 .isr_vector    0x08000000       0xc0 startup\startup_stm32f031x6.o
                0x08000000                g_pfnVectors
                0x080000c0                . = ALIGN (0x4)

.text           0x080000c0     0x2d18
                0x080000c0                . = ALIGN (0x4)
 *(.text)
 .text          0x080000c0       0x48 c:/program files (x86)/atollic/truestudio for stm32 9.0.0/armtools/bin/../lib/gcc/arm-atollic-eabi/6.3.1/armv6-m/crtbegin.o
 .text          0x08000108       0x14 c:/program files (x86)/atollic/truestudio for stm32 9.0.0/armtools/bin/../lib/gcc/arm-atollic-eabi/6.3.1/armv6-m\libgcc.a(_thumb1_case_uqi.o)
                0x08000108                __gnu_thumb1_case_uqi
 .text          0x0800011c      0x114 c:/program files (x86)/atollic/truestudio for stm32 9.0.0/armtools/bin/../lib/gcc/arm-atollic-eabi/6.3.1/armv6-m\libgcc.a(_udivsi3.o)
                0x0800011c                __aeabi_uidiv
                0x0800011c                __udivsi3
                0x08000228                __aeabi_uidivmod
 .text          0x08000230      0x1d4 c:/program files (x86)/atollic/truestudio for stm32 9.0.0/armtools/bin/../lib/gcc/arm-atollic-eabi/6.3.1/armv6-m\libgcc.a(_divsi3.o)
                0x08000230                __divsi3
                0x08000230                __aeabi_idiv
                0x080003fc                __aeabi_idivmod
 .text          0x08000404        0x4 c:/program files (x86)/atollic/truestudio for stm32 9.0.0/armtools/bin/../lib/gcc/arm-atollic-eabi/6.3.1/armv6-m\libgcc.a(_dvmd_tls.o)
                0x08000404                __aeabi_idiv0
                0x08000404                __aeabi_ldiv0
 *(.text*)
 .text.HAL_InitTick
                0x08000408       0x24 Drivers\STM32F0xx_HAL_Driver\Src\stm32f0xx_hal.o
                0x08000408                HAL_InitTick
 .text.HAL_Init
                0x0800042c       0x20 Drivers\STM32F0xx_HAL_Driver\Src\stm32f0xx_hal.o
                0x0800042c                HAL_Init
 .text.HAL_IncTick
                0x0800044c       0x10 Drivers\STM32F0xx_HAL_Driver\Src\stm32f0xx_hal.o
                0x0800044c                HAL_IncTick
 .text.HAL_GetTick
                0x0800045c        0xc Drivers\STM32F0xx_HAL_Driver\Src\stm32f0xx_hal.o
                0x0800045c                HAL_GetTick
 .text.HAL_Delay
                0x08000468       0x20 Drivers\STM32F0xx_HAL_Driver\Src\stm32f0xx_hal.o
                0x08000468                HAL_Delay
 .text.HAL_NVIC_SetPriority
                0x08000488       0x60 Drivers\STM32F0xx_HAL_Driver\Src\stm32f0xx_hal_cortex.o
                0x08000488                HAL_NVIC_SetPriority
 .text.HAL_NVIC_EnableIRQ
                0x080004e8       0x14 Drivers\STM32F0xx_HAL_Driver\Src\stm32f0xx_hal_cortex.o
                0x080004e8                HAL_NVIC_EnableIRQ
 .text.HAL_SYSTICK_Config
                0x080004fc       0x34 Drivers\STM32F0xx_HAL_Driver\Src\stm32f0xx_hal_cortex.o
                0x080004fc                HAL_SYSTICK_Config
 .text.HAL_SYSTICK_CLKSourceConfig
                0x08000530       0x1c Drivers\STM32F0xx_HAL_Driver\Src\stm32f0xx_hal_cortex.o
                0x08000530                HAL_SYSTICK_CLKSourceConfig
 .text.HAL_SYSTICK_Callback
                0x0800054c        0x2 Drivers\STM32F0xx_HAL_Driver\Src\stm32f0xx_hal_cortex.o
                0x0800054c                HAL_SYSTICK_Callback
 .text.HAL_SYSTICK_IRQHandler
                0x0800054e        0x8 Drivers\STM32F0xx_HAL_Driver\Src\stm32f0xx_hal_cortex.o
                0x0800054e                HAL_SYSTICK_IRQHandler
 *fill*         0x08000556        0x2 
 .text.HAL_DMA_Init
                0x08000558       0x6c Drivers\STM32F0xx_HAL_Driver\Src\stm32f0xx_hal_dma.o
                0x08000558                HAL_DMA_Init
 .text.HAL_DMA_Start_IT
                0x080005c4       0x76 Drivers\STM32F0xx_HAL_Driver\Src\stm32f0xx_hal_dma.o
                0x080005c4                HAL_DMA_Start_IT
 .text.HAL_DMA_IRQHandler
                0x0800063a       0x92 Drivers\STM32F0xx_HAL_Driver\Src\stm32f0xx_hal_dma.o
                0x0800063a                HAL_DMA_IRQHandler
 .text.HAL_GPIO_Init
                0x080006cc      0x154 Drivers\STM32F0xx_HAL_Driver\Src\stm32f0xx_hal_gpio.o
                0x080006cc                HAL_GPIO_Init
 .text.HAL_GPIO_ReadPin
                0x08000820        0xc Drivers\STM32F0xx_HAL_Driver\Src\stm32f0xx_hal_gpio.o
                0x08000820                HAL_GPIO_ReadPin
 .text.HAL_GPIO_TogglePin
                0x0800082c        0x8 Drivers\STM32F0xx_HAL_Driver\Src\stm32f0xx_hal_gpio.o
                0x0800082c                HAL_GPIO_TogglePin
 .text.HAL_IWDG_Init
                0x08000834       0x58 Drivers\STM32F0xx_HAL_Driver\Src\stm32f0xx_hal_iwdg.o
                0x08000834                HAL_IWDG_Init
 .text.HAL_IWDG_Refresh
                0x0800088c       0x10 Drivers\STM32F0xx_HAL_Driver\Src\stm32f0xx_hal_iwdg.o
                0x0800088c                HAL_IWDG_Refresh
 .text.HAL_RCC_OscConfig
                0x0800089c      0x3c4 Drivers\STM32F0xx_HAL_Driver\Src\stm32f0xx_hal_rcc.o
                0x0800089c                HAL_RCC_OscConfig
 .text.HAL_RCC_GetSysClockFreq
                0x08000c60       0x64 Drivers\STM32F0xx_HAL_Driver\Src\stm32f0xx_hal_rcc.o
                0x08000c60                HAL_RCC_GetSysClockFreq
 .text.HAL_RCC_ClockConfig
                0x08000cc4      0x12c Drivers\STM32F0xx_HAL_Driver\Src\stm32f0xx_hal_rcc.o
                0x08000cc4                HAL_RCC_ClockConfig
 .text.HAL_RCC_GetHCLKFreq
                0x08000df0        0xc Drivers\STM32F0xx_HAL_Driver\Src\stm32f0xx_hal_rcc.o
                0x08000df0                HAL_RCC_GetHCLKFreq
 .text.TIM_OC1_SetConfig
                0x08000dfc       0x78 Drivers\STM32F0xx_HAL_Driver\Src\stm32f0xx_hal_tim.o
 .text.TIM_OC3_SetConfig
                0x08000e74       0x80 Drivers\STM32F0xx_HAL_Driver\Src\stm32f0xx_hal_tim.o
 .text.TIM_OC4_SetConfig
                0x08000ef4       0x68 Drivers\STM32F0xx_HAL_Driver\Src\stm32f0xx_hal_tim.o
 .text.HAL_TIM_Base_Start
                0x08000f5c       0x18 Drivers\STM32F0xx_HAL_Driver\Src\stm32f0xx_hal_tim.o
                0x08000f5c                HAL_TIM_Base_Start
 .text.HAL_TIM_Base_Start_IT
                0x08000f74       0x14 Drivers\STM32F0xx_HAL_Driver\Src\stm32f0xx_hal_tim.o
                0x08000f74                HAL_TIM_Base_Start_IT
 .text.HAL_TIM_PWM_MspInit
                0x08000f88        0x2 Drivers\STM32F0xx_HAL_Driver\Src\stm32f0xx_hal_tim.o
                0x08000f88                HAL_TIM_PWM_MspInit
 .text.HAL_TIM_IC_MspInit
                0x08000f8a        0x2 Drivers\STM32F0xx_HAL_Driver\Src\stm32f0xx_hal_tim.o
                0x08000f8a                HAL_TIM_IC_MspInit
 .text.HAL_TIM_OC_DelayElapsedCallback
                0x08000f8c        0x2 Drivers\STM32F0xx_HAL_Driver\Src\stm32f0xx_hal_tim.o
                0x08000f8c                HAL_TIM_OC_DelayElapsedCallback
 .text.HAL_TIM_IC_CaptureCallback
                0x08000f8e        0x2 Drivers\STM32F0xx_HAL_Driver\Src\stm32f0xx_hal_tim.o
                0x08000f8e                HAL_TIM_IC_CaptureCallback
 .text.TIM_DMACaptureCplt
                0x08000f90       0x3e Drivers\STM32F0xx_HAL_Driver\Src\stm32f0xx_hal_tim.o
                0x08000f90                TIM_DMACaptureCplt
 .text.HAL_TIM_PWM_PulseFinishedCallback
                0x08000fce        0x2 Drivers\STM32F0xx_HAL_Driver\Src\stm32f0xx_hal_tim.o
                0x08000fce                HAL_TIM_PWM_PulseFinishedCallback
 .text.HAL_TIM_TriggerCallback
                0x08000fd0        0x2 Drivers\STM32F0xx_HAL_Driver\Src\stm32f0xx_hal_tim.o
                0x08000fd0                HAL_TIM_TriggerCallback
 .text.HAL_TIM_IRQHandler
                0x08000fd2      0x148 Drivers\STM32F0xx_HAL_Driver\Src\stm32f0xx_hal_tim.o
                0x08000fd2                HAL_TIM_IRQHandler
 .text.HAL_TIM_ErrorCallback
                0x0800111a        0x2 Drivers\STM32F0xx_HAL_Driver\Src\stm32f0xx_hal_tim.o
                0x0800111a                HAL_TIM_ErrorCallback
 .text.TIM_DMAError
                0x0800111c       0x12 Drivers\STM32F0xx_HAL_Driver\Src\stm32f0xx_hal_tim.o
                0x0800111c                TIM_DMAError
 *fill*         0x0800112e        0x2 
 .text.TIM_Base_SetConfig
                0x08001130       0x90 Drivers\STM32F0xx_HAL_Driver\Src\stm32f0xx_hal_tim.o
                0x08001130                TIM_Base_SetConfig
 .text.HAL_TIM_Base_Init
                0x080011c0       0x36 Drivers\STM32F0xx_HAL_Driver\Src\stm32f0xx_hal_tim.o
                0x080011c0                HAL_TIM_Base_Init
 .text.HAL_TIM_PWM_Init
                0x080011f6       0x36 Drivers\STM32F0xx_HAL_Driver\Src\stm32f0xx_hal_tim.o
                0x080011f6                HAL_TIM_PWM_Init
 .text.HAL_TIM_IC_Init
                0x0800122c       0x36 Drivers\STM32F0xx_HAL_Driver\Src\stm32f0xx_hal_tim.o
                0x0800122c                HAL_TIM_IC_Init
 *fill*         0x08001262        0x2 
 .text.TIM_OC2_SetConfig
                0x08001264       0x78 Drivers\STM32F0xx_HAL_Driver\Src\stm32f0xx_hal_tim.o
                0x08001264                TIM_OC2_SetConfig
 .text.HAL_TIM_PWM_ConfigChannel
                0x080012dc       0xd4 Drivers\STM32F0xx_HAL_Driver\Src\stm32f0xx_hal_tim.o
                0x080012dc                HAL_TIM_PWM_ConfigChannel
 .text.TIM_TI1_SetConfig
                0x080013b0       0x50 Drivers\STM32F0xx_HAL_Driver\Src\stm32f0xx_hal_tim.o
                0x080013b0                TIM_TI1_SetConfig
 .text.HAL_TIM_IC_ConfigChannel
                0x08001400      0x13c Drivers\STM32F0xx_HAL_Driver\Src\stm32f0xx_hal_tim.o
                0x08001400                HAL_TIM_IC_ConfigChannel
 .text.TIM_ETR_SetConfig
                0x0800153c       0x18 Drivers\STM32F0xx_HAL_Driver\Src\stm32f0xx_hal_tim.o
                0x0800153c                TIM_ETR_SetConfig
 .text.HAL_TIM_ConfigClockSource
                0x08001554      0x168 Drivers\STM32F0xx_HAL_Driver\Src\stm32f0xx_hal_tim.o
                0x08001554                HAL_TIM_ConfigClockSource
 .text.TIM_CCxChannelCmd
                0x080016bc       0x16 Drivers\STM32F0xx_HAL_Driver\Src\stm32f0xx_hal_tim.o
                0x080016bc                TIM_CCxChannelCmd
 *fill*         0x080016d2        0x2 
 .text.HAL_TIM_PWM_Start
                0x080016d4       0x44 Drivers\STM32F0xx_HAL_Driver\Src\stm32f0xx_hal_tim.o
                0x080016d4                HAL_TIM_PWM_Start
 .text.HAL_TIM_PWM_Start_IT
                0x08001718       0x7c Drivers\STM32F0xx_HAL_Driver\Src\stm32f0xx_hal_tim.o
                0x08001718                HAL_TIM_PWM_Start_IT
 .text.HAL_TIM_OC_Start_IT
                0x08001794        0x8 Drivers\STM32F0xx_HAL_Driver\Src\stm32f0xx_hal_tim.o
                0x08001794                HAL_TIM_OC_Start_IT
 .text.HAL_TIM_IC_Start_DMA
                0x0800179c       0xd0 Drivers\STM32F0xx_HAL_Driver\Src\stm32f0xx_hal_tim.o
                0x0800179c                HAL_TIM_IC_Start_DMA
 .text.TIM_CCxNChannelCmd
                0x0800186c       0x16 Drivers\STM32F0xx_HAL_Driver\Src\stm32f0xx_hal_tim_ex.o
 .text.HAL_TIMEx_PWMN_Start
                0x08001882       0x24 Drivers\STM32F0xx_HAL_Driver\Src\stm32f0xx_hal_tim_ex.o
                0x08001882                HAL_TIMEx_PWMN_Start
 .text.HAL_TIMEx_MasterConfigSynchronization
                0x080018a6       0x42 Drivers\STM32F0xx_HAL_Driver\Src\stm32f0xx_hal_tim_ex.o
                0x080018a6                HAL_TIMEx_MasterConfigSynchronization
 .text.HAL_TIMEx_ConfigBreakDeadTime
                0x080018e8       0x78 Drivers\STM32F0xx_HAL_Driver\Src\stm32f0xx_hal_tim_ex.o
                0x080018e8                HAL_TIMEx_ConfigBreakDeadTime
 .text.HAL_TIMEx_CommutationCallback
                0x08001960        0x2 Drivers\STM32F0xx_HAL_Driver\Src\stm32f0xx_hal_tim_ex.o
                0x08001960                HAL_TIMEx_CommutationCallback
 .text.HAL_TIMEx_BreakCallback
                0x08001962        0x2 Drivers\STM32F0xx_HAL_Driver\Src\stm32f0xx_hal_tim_ex.o
                0x08001962                HAL_TIMEx_BreakCallback
 .text.LL_GPIO_Init
                0x08001964       0xb8 Drivers\STM32F0xx_HAL_Driver\Src\stm32f0xx_ll_gpio.o
                0x08001964                LL_GPIO_Init
 .text.LL_AHB1_GRP1_EnableClock
                0x08001a1c       0x1c Src\main.o
 .text.map      0x08001a38       0x24 Src\main.o
                0x08001a38                map
 .text.phaseA   0x08001a5c       0x84 Src\main.o
                0x08001a5c                phaseA
 .text.phaseB   0x08001ae0       0x84 Src\main.o
                0x08001ae0                phaseB
 .text.phaseC   0x08001b64       0x80 Src\main.o
                0x08001b64                phaseC
 .text.allOff   0x08001be4       0x1c Src\main.o
                0x08001be4                allOff
 .text.comStep  0x08001c00       0xcc Src\main.o
                0x08001c00                comStep
 .text.allpwm   0x08001ccc       0x1c Src\main.o
                0x08001ccc                allpwm
 .text.detectInput
                0x08001ce8      0x100 Src\main.o
                0x08001ce8                detectInput
 .text.computeProshotDMA
                0x08001de8       0xf0 Src\main.o
                0x08001de8                computeProshotDMA
 .text.computeMSInput
                0x08001ed8       0x38 Src\main.o
                0x08001ed8                computeMSInput
 .text.computeOS125Input
                0x08001f10       0x40 Src\main.o
                0x08001f10                computeOS125Input
 .text.computeOS42Input
                0x08001f50       0x3c Src\main.o
                0x08001f50                computeOS42Input
 .text.computeServoInput
                0x08001f8c       0x48 Src\main.o
                0x08001f8c                computeServoInput
 .text.computeDshotDMA
                0x08001fd4      0x110 Src\main.o
                0x08001fd4                computeDshotDMA
 .text.transferComplete
                0x080020e4      0x108 Src\main.o
                0x080020e4                transferComplete
 .text.playStartupTune
                0x080021ec       0x40 Src\main.o
                0x080021ec                playStartupTune
 .text.playInputTune
                0x0800222c       0x34 Src\main.o
                0x0800222c                playInputTune
 .text.getBemfState
                0x08002260       0x7c Src\main.o
                0x08002260                getBemfState
 .text.commutate
                0x080022dc       0xa4 Src\main.o
                0x080022dc                commutate
 .text.HAL_TIM_PeriodElapsedCallback
                0x08002380        0x2 Src\main.o
                0x08002380                HAL_TIM_PeriodElapsedCallback
 *fill*         0x08002382        0x2 
 .text.zcfoundroutine
                0x08002384       0x90 Src\main.o
                0x08002384                zcfoundroutine
 .text.SystemClock_Config
                0x08002414       0x6c Src\main.o
                0x08002414                SystemClock_Config
 .text.startup.main
                0x08002480      0x65c Src\main.o
                0x08002480                main
 .text._Error_Handler
                0x08002adc        0x2 Src\main.o
                0x08002adc                _Error_Handler
 *fill*         0x08002ade        0x2 
 .text.HAL_MspInit
                0x08002ae0       0x3c Src\stm32f0xx_hal_msp.o
                0x08002ae0                HAL_MspInit
 .text.HAL_TIM_Base_MspInit
                0x08002b1c      0x100 Src\stm32f0xx_hal_msp.o
                0x08002b1c                HAL_TIM_Base_MspInit
 .text.HAL_TIM_MspPostInit
                0x08002c1c       0x4c Src\stm32f0xx_hal_msp.o
                0x08002c1c                HAL_TIM_MspPostInit
 .text.NMI_Handler
                0x08002c68        0x2 Src\stm32f0xx_it.o
                0x08002c68                NMI_Handler
 .text.HardFault_Handler
                0x08002c6a        0x2 Src\stm32f0xx_it.o
                0x08002c6a                HardFault_Handler
 .text.SVC_Handler
                0x08002c6c        0x2 Src\stm32f0xx_it.o
                0x08002c6c                SVC_Handler
 .text.PendSV_Handler
                0x08002c6e        0x2 Src\stm32f0xx_it.o
                0x08002c6e                PendSV_Handler
 .text.SysTick_Handler
                0x08002c70       0x10 Src\stm32f0xx_it.o
                0x08002c70                SysTick_Handler
 .text.DMA1_Channel4_5_IRQHandler
                0x08002c80       0x10 Src\stm32f0xx_it.o
                0x08002c80                DMA1_Channel4_5_IRQHandler
 .text.TIM2_IRQHandler
                0x08002c90       0x10 Src\stm32f0xx_it.o
                0x08002c90                TIM2_IRQHandler
 .text.TIM14_IRQHandler
                0x08002ca0       0x10 Src\stm32f0xx_it.o
                0x08002ca0                TIM14_IRQHandler
 .text.SystemInit
                0x08002cb0       0x60 Src\system_stm32f0xx.o
                0x08002cb0                SystemInit
 .text.Reset_Handler
                0x08002d10       0x50 startup\startup_stm32f031x6.o
                0x08002d10                Reset_Handler
 .text.Default_Handler
                0x08002d60        0x2 startup\startup_stm32f031x6.o
                0x08002d60                TIM1_CC_IRQHandler
                0x08002d60                PVD_IRQHandler
                0x08002d60                I2C1_IRQHandler
                0x08002d60                SPI1_IRQHandler
                0x08002d60                EXTI2_3_IRQHandler
                0x08002d60                ADC1_IRQHandler
                0x08002d60                TIM17_IRQHandler
                0x08002d60                RTC_IRQHandler
                0x08002d60                TIM16_IRQHandler
                0x08002d60                TIM3_IRQHandler
                0x08002d60                EXTI4_15_IRQHandler
                0x08002d60                RCC_IRQHandler
                0x08002d60                DMA1_Channel1_IRQHandler
                0x08002d60                Default_Handler
                0x08002d60                EXTI0_1_IRQHandler
                0x08002d60                WWDG_IRQHandler
                0x08002d60                DMA1_Channel2_3_IRQHandler
                0x08002d60                FLASH_IRQHandler
                0x08002d60                USART1_IRQHandler
                0x08002d60                TIM1_BRK_UP_TRG_COM_IRQHandler
 *fill*         0x08002d62        0x2 
 .text.__libc_init_array
                0x08002d64       0x48 c:/program files (x86)/atollic/truestudio for stm32 9.0.0/armtools/bin/../lib/gcc/arm-atollic-eabi/6.3.1/../../../../arm-atollic-eabi/lib/armv6-m\libc_nano.a(lib_a-init.o)
                0x08002d64                __libc_init_array
 .text.memcpy   0x08002dac       0x12 c:/program files (x86)/atollic/truestudio for stm32 9.0.0/armtools/bin/../lib/gcc/arm-atollic-eabi/6.3.1/../../../../arm-atollic-eabi/lib/armv6-m\libc_nano.a(lib_a-memcpy-stub.o)
                0x08002dac                memcpy
 *(.glue_7)
 .glue_7        0x08002dbe        0x0 linker stubs
 *(.glue_7t)
 .glue_7t       0x08002dbe        0x0 linker stubs
 *(.eh_frame)
 *fill*         0x08002dbe        0x2 
 .eh_frame      0x08002dc0        0x0 c:/program files (x86)/atollic/truestudio for stm32 9.0.0/armtools/bin/../lib/gcc/arm-atollic-eabi/6.3.1/armv6-m/crtbegin.o
 *(.init)
 .init          0x08002dc0        0x4 c:/program files (x86)/atollic/truestudio for stm32 9.0.0/armtools/bin/../lib/gcc/arm-atollic-eabi/6.3.1/armv6-m/crti.o
                0x08002dc0                _init
 .init          0x08002dc4        0x8 c:/program files (x86)/atollic/truestudio for stm32 9.0.0/armtools/bin/../lib/gcc/arm-atollic-eabi/6.3.1/armv6-m/crtn.o
 *(.fini)
 .fini          0x08002dcc        0x4 c:/program files (x86)/atollic/truestudio for stm32 9.0.0/armtools/bin/../lib/gcc/arm-atollic-eabi/6.3.1/armv6-m/crti.o
                0x08002dcc                _fini
 .fini          0x08002dd0        0x8 c:/program files (x86)/atollic/truestudio for stm32 9.0.0/armtools/bin/../lib/gcc/arm-atollic-eabi/6.3.1/armv6-m/crtn.o
                0x08002dd8                . = ALIGN (0x4)
                0x08002dd8                _etext = .

.vfp11_veneer   0x08002dd8        0x0
 .vfp11_veneer  0x08002dd8        0x0 linker stubs

.v4_bx          0x08002dd8        0x0
 .v4_bx         0x08002dd8        0x0 linker stubs

.iplt           0x08002dd8        0x0
 .iplt          0x08002dd8        0x0 c:/program files (x86)/atollic/truestudio for stm32 9.0.0/armtools/bin/../lib/gcc/arm-atollic-eabi/6.3.1/armv6-m/crtbegin.o

.rodata         0x08002dd8       0x4c
                0x08002dd8                . = ALIGN (0x4)
 *(.rodata)
 .rodata        0x08002dd8       0x20 Drivers\STM32F0xx_HAL_Driver\Src\stm32f0xx_hal_rcc.o
 *(.rodata*)
 .rodata.HAL_TIM_Base_MspInit.str1.1
                0x08002df8       0x1b Src\stm32f0xx_hal_msp.o
 .rodata.AHBPrescTable
                0x08002e13       0x10 Src\system_stm32f0xx.o
                0x08002e13                AHBPrescTable
                0x08002e24                . = ALIGN (0x4)
 *fill*         0x08002e23        0x1 

.rel.dyn        0x08002e24        0x0
 .rel.iplt      0x08002e24        0x0 c:/program files (x86)/atollic/truestudio for stm32 9.0.0/armtools/bin/../lib/gcc/arm-atollic-eabi/6.3.1/armv6-m/crtbegin.o

.ARM.extab
 *(.ARM.extab* .gnu.linkonce.armextab.*)

.ARM            0x08002e24        0x0
                0x08002e24                __exidx_start = .
 *(.ARM.exidx*)
                0x08002e24                __exidx_end = .

.preinit_array  0x08002e24        0x0
                0x08002e24                PROVIDE (__preinit_array_start, .)
 *(.preinit_array*)
                0x08002e24                PROVIDE (__preinit_array_end, .)

.init_array     0x08002e24        0x4
                0x08002e24                PROVIDE (__init_array_start, .)
 *(SORT(.init_array.*))
 *(.init_array*)
 .init_array    0x08002e24        0x4 c:/program files (x86)/atollic/truestudio for stm32 9.0.0/armtools/bin/../lib/gcc/arm-atollic-eabi/6.3.1/armv6-m/crtbegin.o
                0x08002e28                PROVIDE (__init_array_end, .)

.fini_array     0x08002e28        0x4
                [!provide]                PROVIDE (__fini_array_start, .)
 *(SORT(.fini_array.*))
 *(.fini_array*)
 .fini_array    0x08002e28        0x4 c:/program files (x86)/atollic/truestudio for stm32 9.0.0/armtools/bin/../lib/gcc/arm-atollic-eabi/6.3.1/armv6-m/crtbegin.o
                [!provide]                PROVIDE (__fini_array_end, .)
                0x08002e2c                _sidata = LOADADDR (.data)

.data           0x20000000       0x3c load address 0x08002e2c
                0x20000000                . = ALIGN (0x4)
                0x20000000                _sdata = .
 *(.data)
 *(.data*)
 .data.bi_direction
                0x20000000        0x1 Src\main.o
                0x20000000                bi_direction
 *fill*         0x20000001        0x3 
 .data.commutation_interval
                0x20000004        0x4 Src\main.o
                0x20000004                commutation_interval
 .data.duty_cycle
                0x20000008        0x4 Src\main.o
                0x20000008                duty_cycle
 .data.floating
                0x2000000c        0x4 Src\main.o
                0x2000000c                floating
 .data.forward  0x20000010        0x4 Src\main.o
                0x20000010                forward
 .data.input_buffer_size
                0x20000014        0x4 Src\main.o
                0x20000014                input_buffer_size
 .data.lowside  0x20000018        0x4 Src\main.o
                0x20000018                lowside
 .data.min_bemf_counts_down
                0x2000001c        0x4 Src\main.o
                0x2000001c                min_bemf_counts_down
 .data.min_bemf_counts_up
                0x20000020        0x4 Src\main.o
                0x20000020                min_bemf_counts_up
 .data.min_startup_duty
                0x20000024        0x4 Src\main.o
                0x20000024                min_startup_duty
 .data.pwm      0x20000028        0x4 Src\main.o
                0x20000028                pwm
 .data.rising   0x2000002c        0x4 Src\main.o
                0x2000002c                rising
 .data.smallestnumber
                0x20000030        0x4 Src\main.o
                0x20000030                smallestnumber
 .data.step     0x20000034        0x4 Src\main.o
                0x20000034                step
 .data.SystemCoreClock
                0x20000038        0x4 Src\system_stm32f0xx.o
                0x20000038                SystemCoreClock
                0x2000003c                . = ALIGN (0x4)
                0x2000003c                _edata = .

.igot.plt       0x2000003c        0x0 load address 0x08002e68
 .igot.plt      0x2000003c        0x0 c:/program files (x86)/atollic/truestudio for stm32 9.0.0/armtools/bin/../lib/gcc/arm-atollic-eabi/6.3.1/armv6-m/crtbegin.o
                0x2000003c                . = ALIGN (0x4)

.bss            0x2000003c      0x34c load address 0x08002e68
                0x2000003c                _sbss = .
                0x2000003c                __bss_start__ = _sbss
 *(.bss)
 .bss           0x2000003c       0x1c c:/program files (x86)/atollic/truestudio for stm32 9.0.0/armtools/bin/../lib/gcc/arm-atollic-eabi/6.3.1/armv6-m/crtbegin.o
 *(.bss*)
 .bss.advance   0x20000058        0x4 Src\main.o
                0x20000058                advance
 .bss.armed     0x2000005c        0x1 Src\main.o
                0x2000005c                armed
 .bss.coasting  0x2000005d        0x1 Src\main.o
                0x2000005d                coasting
 *fill*         0x2000005e        0x2 
 .bss.count     0x20000060        0x4 Src\main.o
                0x20000060                count
 .bss.current_state
                0x20000064        0x4 Src\main.o
                0x20000064                current_state
 .bss.dpulse    0x20000068       0x40 Src\main.o
                0x20000068                dpulse
 .bss.dshot     0x200000a8        0x1 Src\main.o
                0x200000a8                dshot
 *fill*         0x200000a9        0x3 
 .bss.input     0x200000ac        0x4 Src\main.o
                0x200000ac                input
 .bss.inputSet  0x200000b0        0x1 Src\main.o
                0x200000b0                inputSet
 .bss.multishot
                0x200000b1        0x1 Src\main.o
                0x200000b1                multishot
 *fill*         0x200000b2        0x2 
 .bss.newinput  0x200000b4        0x4 Src\main.o
                0x200000b4                newinput
 .bss.oneshot125
                0x200000b8        0x1 Src\main.o
                0x200000b8                oneshot125
 .bss.oneshot42
                0x200000b9        0x1 Src\main.o
                0x200000b9                oneshot42
 *fill*         0x200000ba        0x2 
 .bss.propulse  0x200000bc       0x10 Src\main.o
                0x200000bc                propulse
 .bss.proshot   0x200000cc        0x1 Src\main.o
                0x200000cc                proshot
 .bss.reversed_direction
                0x200000cd        0x1 Src\main.o
                0x200000cd                reversed_direction
 *fill*         0x200000ce        0x2 
 .bss.running   0x200000d0        0x4 Src\main.o
                0x200000d0                running
 .bss.servoPwm  0x200000d4        0x1 Src\main.o
                0x200000d4                servoPwm
 *fill*         0x200000d5        0x3 
 .bss.signaltimeout
                0x200000d8        0x4 Src\main.o
                0x200000d8                signaltimeout
 .bss.stepper_sine
                0x200000dc        0x1 Src\main.o
                0x200000dc                stepper_sine
 *fill*         0x200000dd        0x3 
 .bss.waitTime  0x200000e0        0x4 Src\main.o
                0x200000e0                waitTime
 .bss.zcfound   0x200000e4        0x4 Src\main.o
                0x200000e4                zcfound
 .bss.zcs       0x200000e8        0x4 Src\main.o
                0x200000e8                zcs
 .bss.zero_input_count
                0x200000ec        0x4 Src\main.o
                0x200000ec                zero_input_count
 *(COMMON)
 COMMON         0x200000f0        0x4 Drivers\STM32F0xx_HAL_Driver\Src\stm32f0xx_hal.o
                0x200000f0                uwTick
 COMMON         0x200000f4      0x294 Src\main.o
                0x200000f4                last_adc_channel
                0x200000f8                calcCRC
                0x200000fc                hiwdg
                0x2000010c                checkCRC
                0x20000110                phase_A_position
                0x20000114                dshotcommand
                0x20000118                htim3
                0x20000158                looptime
                0x2000015c                upthiszctime
                0x20000160                difference
                0x20000164                bemfcounter
                0x20000168                dma_buffer
                0x20000268                wait_time
                0x2000026c                blanktime
                0x20000270                htim1
                0x200002b0                hdma_tim2_ch4
                0x200002f4                thiszctime
                0x200002f8                htim2
                0x20000338                htim14
                0x20000378                phase_C_position
                0x2000037c                lastzctime
                0x20000380                phase_B_position
                0x20000384                uplastzctime
                0x20000388                . = ALIGN (0x4)
                0x20000388                _ebss = .
                0x20000388                __bss_end__ = _ebss

._user_heap_stack
                0x20000388      0x600 load address 0x08002e68
                0x20000388                . = ALIGN (0x4)
                [!provide]                PROVIDE (end, .)
                [!provide]                PROVIDE (_end, .)
                0x20000588                . = (. + _Min_Heap_Size)
 *fill*         0x20000388      0x200 
                0x20000988                . = (. + _Min_Stack_Size)
 *fill*         0x20000588      0x400 
                0x20000988                . = ALIGN (0x4)

/DISCARD/
 libc.a(*)
 libm.a(*)
 libgcc.a(*)

.ARM.attributes
                0x00000000       0x28
 *(.ARM.attributes)
 .ARM.attributes
                0x00000000       0x1e c:/program files (x86)/atollic/truestudio for stm32 9.0.0/armtools/bin/../lib/gcc/arm-atollic-eabi/6.3.1/armv6-m/crti.o
 .ARM.attributes
                0x0000001e       0x2c c:/program files (x86)/atollic/truestudio for stm32 9.0.0/armtools/bin/../lib/gcc/arm-atollic-eabi/6.3.1/armv6-m/crtbegin.o
 .ARM.attributes
                0x0000004a       0x31 Drivers\STM32F0xx_HAL_Driver\Src\stm32f0xx_hal.o
 .ARM.attributes
                0x0000007b       0x31 Drivers\STM32F0xx_HAL_Driver\Src\stm32f0xx_hal_cortex.o
 .ARM.attributes
                0x000000ac       0x31 Drivers\STM32F0xx_HAL_Driver\Src\stm32f0xx_hal_dma.o
 .ARM.attributes
                0x000000dd       0x31 Drivers\STM32F0xx_HAL_Driver\Src\stm32f0xx_hal_gpio.o
 .ARM.attributes
                0x0000010e       0x31 Drivers\STM32F0xx_HAL_Driver\Src\stm32f0xx_hal_iwdg.o
 .ARM.attributes
                0x0000013f       0x31 Drivers\STM32F0xx_HAL_Driver\Src\stm32f0xx_hal_rcc.o
 .ARM.attributes
                0x00000170       0x31 Drivers\STM32F0xx_HAL_Driver\Src\stm32f0xx_hal_tim.o
 .ARM.attributes
                0x000001a1       0x31 Drivers\STM32F0xx_HAL_Driver\Src\stm32f0xx_hal_tim_ex.o
 .ARM.attributes
                0x000001d2       0x31 Drivers\STM32F0xx_HAL_Driver\Src\stm32f0xx_ll_gpio.o
 .ARM.attributes
                0x00000203       0x31 Src\main.o
 .ARM.attributes
                0x00000234       0x31 Src\stm32f0xx_hal_msp.o
 .ARM.attributes
                0x00000265       0x31 Src\stm32f0xx_it.o
 .ARM.attributes
                0x00000296       0x31 Src\system_stm32f0xx.o
 .ARM.attributes
                0x000002c7       0x21 startup\startup_stm32f031x6.o
 .ARM.attributes
                0x000002e8       0x2c c:/program files (x86)/atollic/truestudio for stm32 9.0.0/armtools/bin/../lib/gcc/arm-atollic-eabi/6.3.1/../../../../arm-atollic-eabi/lib/armv6-m\libc_nano.a(lib_a-init.o)
 .ARM.attributes
                0x00000314       0x2c c:/program files (x86)/atollic/truestudio for stm32 9.0.0/armtools/bin/../lib/gcc/arm-atollic-eabi/6.3.1/../../../../arm-atollic-eabi/lib/armv6-m\libc_nano.a(lib_a-memcpy-stub.o)
 .ARM.attributes
                0x00000340       0x1e c:/program files (x86)/atollic/truestudio for stm32 9.0.0/armtools/bin/../lib/gcc/arm-atollic-eabi/6.3.1/armv6-m\libgcc.a(_thumb1_case_uqi.o)
 .ARM.attributes
                0x0000035e       0x1e c:/program files (x86)/atollic/truestudio for stm32 9.0.0/armtools/bin/../lib/gcc/arm-atollic-eabi/6.3.1/armv6-m\libgcc.a(_udivsi3.o)
 .ARM.attributes
                0x0000037c       0x1e c:/program files (x86)/atollic/truestudio for stm32 9.0.0/armtools/bin/../lib/gcc/arm-atollic-eabi/6.3.1/armv6-m\libgcc.a(_divsi3.o)
 .ARM.attributes
                0x0000039a       0x1e c:/program files (x86)/atollic/truestudio for stm32 9.0.0/armtools/bin/../lib/gcc/arm-atollic-eabi/6.3.1/armv6-m\libgcc.a(_dvmd_tls.o)
 .ARM.attributes
                0x000003b8       0x1e c:/program files (x86)/atollic/truestudio for stm32 9.0.0/armtools/bin/../lib/gcc/arm-atollic-eabi/6.3.1/armv6-m/crtn.o
OUTPUT(stm32f0bemf_op_amp.elf elf32-littlearm)

.debug_info     0x00000000    0x11b46
 .debug_info    0x00000000      0xe5d Drivers\STM32F0xx_HAL_Driver\Src\stm32f0xx_hal.o
 .debug_info    0x00000e5d     0x100d Drivers\STM32F0xx_HAL_Driver\Src\stm32f0xx_hal_cortex.o
 .debug_info    0x00001e6a     0x103e Drivers\STM32F0xx_HAL_Driver\Src\stm32f0xx_hal_dma.o
 .debug_info    0x00002ea8      0xe72 Drivers\STM32F0xx_HAL_Driver\Src\stm32f0xx_hal_gpio.o
 .debug_info    0x00003d1a      0xabf Drivers\STM32F0xx_HAL_Driver\Src\stm32f0xx_hal_iwdg.o
 .debug_info    0x000047d9     0x1190 Drivers\STM32F0xx_HAL_Driver\Src\stm32f0xx_hal_rcc.o
 .debug_info    0x00005969     0x3c25 Drivers\STM32F0xx_HAL_Driver\Src\stm32f0xx_hal_tim.o
 .debug_info    0x0000958e     0x1958 Drivers\STM32F0xx_HAL_Driver\Src\stm32f0xx_hal_tim_ex.o
 .debug_info    0x0000aee6      0xf32 Drivers\STM32F0xx_HAL_Driver\Src\stm32f0xx_ll_gpio.o
 .debug_info    0x0000be18     0x303a Src\main.o
 .debug_info    0x0000ee52     0x1321 Src\stm32f0xx_hal_msp.o
 .debug_info    0x00010173      0xec4 Src\stm32f0xx_it.o
 .debug_info    0x00011037      0xa8d Src\system_stm32f0xx.o
 .debug_info    0x00011ac4       0x82 startup\startup_stm32f031x6.o

.debug_abbrev   0x00000000     0x24e1
 .debug_abbrev  0x00000000      0x2e0 Drivers\STM32F0xx_HAL_Driver\Src\stm32f0xx_hal.o
 .debug_abbrev  0x000002e0      0x319 Drivers\STM32F0xx_HAL_Driver\Src\stm32f0xx_hal_cortex.o
 .debug_abbrev  0x000005f9      0x2b2 Drivers\STM32F0xx_HAL_Driver\Src\stm32f0xx_hal_dma.o
 .debug_abbrev  0x000008ab      0x286 Drivers\STM32F0xx_HAL_Driver\Src\stm32f0xx_hal_gpio.o
 .debug_abbrev  0x00000b31      0x1f3 Drivers\STM32F0xx_HAL_Driver\Src\stm32f0xx_hal_iwdg.o
 .debug_abbrev  0x00000d24      0x2f9 Drivers\STM32F0xx_HAL_Driver\Src\stm32f0xx_hal_rcc.o
 .debug_abbrev  0x0000101d      0x3b4 Drivers\STM32F0xx_HAL_Driver\Src\stm32f0xx_hal_tim.o
 .debug_abbrev  0x000013d1      0x31c Drivers\STM32F0xx_HAL_Driver\Src\stm32f0xx_hal_tim_ex.o
 .debug_abbrev  0x000016ed      0x27d Drivers\STM32F0xx_HAL_Driver\Src\stm32f0xx_ll_gpio.o
 .debug_abbrev  0x0000196a      0x511 Src\main.o
 .debug_abbrev  0x00001e7b      0x249 Src\stm32f0xx_hal_msp.o
 .debug_abbrev  0x000020c4      0x232 Src\stm32f0xx_it.o
 .debug_abbrev  0x000022f6      0x1d9 Src\system_stm32f0xx.o
 .debug_abbrev  0x000024cf       0x12 startup\startup_stm32f031x6.o

.debug_loc      0x00000000     0x6db6
 .debug_loc     0x00000000       0x7c Drivers\STM32F0xx_HAL_Driver\Src\stm32f0xx_hal.o
 .debug_loc     0x0000007c      0x3cc Drivers\STM32F0xx_HAL_Driver\Src\stm32f0xx_hal_cortex.o
 .debug_loc     0x00000448      0x7ca Drivers\STM32F0xx_HAL_Driver\Src\stm32f0xx_hal_dma.o
 .debug_loc     0x00000c12      0x2e8 Drivers\STM32F0xx_HAL_Driver\Src\stm32f0xx_hal_gpio.o
 .debug_loc     0x00000efa       0x76 Drivers\STM32F0xx_HAL_Driver\Src\stm32f0xx_hal_iwdg.o
 .debug_loc     0x00000f70      0x49e Drivers\STM32F0xx_HAL_Driver\Src\stm32f0xx_hal_rcc.o
 .debug_loc     0x0000140e     0x3b44 Drivers\STM32F0xx_HAL_Driver\Src\stm32f0xx_hal_tim.o
 .debug_loc     0x00004f52      0xb81 Drivers\STM32F0xx_HAL_Driver\Src\stm32f0xx_hal_tim_ex.o
 .debug_loc     0x00005ad3      0x30a Drivers\STM32F0xx_HAL_Driver\Src\stm32f0xx_ll_gpio.o
 .debug_loc     0x00005ddd      0xdcb Src\main.o
 .debug_loc     0x00006ba8       0xe7 Src\stm32f0xx_hal_msp.o
 .debug_loc     0x00006c8f      0x127 Src\system_stm32f0xx.o

.debug_aranges  0x00000000      0x7f8
 .debug_aranges
                0x00000000       0xb0 Drivers\STM32F0xx_HAL_Driver\Src\stm32f0xx_hal.o
 .debug_aranges
                0x000000b0       0x78 Drivers\STM32F0xx_HAL_Driver\Src\stm32f0xx_hal_cortex.o
 .debug_aranges
                0x00000128       0x78 Drivers\STM32F0xx_HAL_Driver\Src\stm32f0xx_hal_dma.o
 .debug_aranges
                0x000001a0       0x58 Drivers\STM32F0xx_HAL_Driver\Src\stm32f0xx_hal_gpio.o
 .debug_aranges
                0x000001f8       0x28 Drivers\STM32F0xx_HAL_Driver\Src\stm32f0xx_hal_iwdg.o
 .debug_aranges
                0x00000220       0x80 Drivers\STM32F0xx_HAL_Driver\Src\stm32f0xx_hal_rcc.o
 .debug_aranges
                0x000002a0      0x268 Drivers\STM32F0xx_HAL_Driver\Src\stm32f0xx_hal_tim.o
 .debug_aranges
                0x00000508       0xf0 Drivers\STM32F0xx_HAL_Driver\Src\stm32f0xx_hal_tim_ex.o
 .debug_aranges
                0x000005f8       0x30 Drivers\STM32F0xx_HAL_Driver\Src\stm32f0xx_ll_gpio.o
 .debug_aranges
                0x00000628      0x100 Src\main.o
 .debug_aranges
                0x00000728       0x38 Src\stm32f0xx_hal_msp.o
 .debug_aranges
                0x00000760       0x48 Src\stm32f0xx_it.o
 .debug_aranges
                0x000007a8       0x28 Src\system_stm32f0xx.o
 .debug_aranges
                0x000007d0       0x28 startup\startup_stm32f031x6.o

.debug_ranges   0x00000000      0xd20
 .debug_ranges  0x00000000       0xa0 Drivers\STM32F0xx_HAL_Driver\Src\stm32f0xx_hal.o
 .debug_ranges  0x000000a0      0x120 Drivers\STM32F0xx_HAL_Driver\Src\stm32f0xx_hal_cortex.o
 .debug_ranges  0x000001c0       0xe8 Drivers\STM32F0xx_HAL_Driver\Src\stm32f0xx_hal_dma.o
 .debug_ranges  0x000002a8       0x70 Drivers\STM32F0xx_HAL_Driver\Src\stm32f0xx_hal_gpio.o
 .debug_ranges  0x00000318       0x18 Drivers\STM32F0xx_HAL_Driver\Src\stm32f0xx_hal_iwdg.o
 .debug_ranges  0x00000330       0xa0 Drivers\STM32F0xx_HAL_Driver\Src\stm32f0xx_hal_rcc.o
 .debug_ranges  0x000003d0      0x470 Drivers\STM32F0xx_HAL_Driver\Src\stm32f0xx_hal_tim.o
 .debug_ranges  0x00000840       0xe0 Drivers\STM32F0xx_HAL_Driver\Src\stm32f0xx_hal_tim_ex.o
 .debug_ranges  0x00000920       0x68 Drivers\STM32F0xx_HAL_Driver\Src\stm32f0xx_ll_gpio.o
 .debug_ranges  0x00000988      0x290 Src\main.o
 .debug_ranges  0x00000c18       0x98 Src\stm32f0xx_hal_msp.o
 .debug_ranges  0x00000cb0       0x38 Src\stm32f0xx_it.o
 .debug_ranges  0x00000ce8       0x18 Src\system_stm32f0xx.o
 .debug_ranges  0x00000d00       0x20 startup\startup_stm32f031x6.o

.debug_line     0x00000000     0x4e15
 .debug_line    0x00000000      0x456 Drivers\STM32F0xx_HAL_Driver\Src\stm32f0xx_hal.o
 .debug_line    0x00000456      0x44d Drivers\STM32F0xx_HAL_Driver\Src\stm32f0xx_hal_cortex.o
 .debug_line    0x000008a3      0x586 Drivers\STM32F0xx_HAL_Driver\Src\stm32f0xx_hal_dma.o
 .debug_line    0x00000e29      0x428 Drivers\STM32F0xx_HAL_Driver\Src\stm32f0xx_hal_gpio.o
 .debug_line    0x00001251      0x2f1 Drivers\STM32F0xx_HAL_Driver\Src\stm32f0xx_hal_iwdg.o
 .debug_line    0x00001542      0x639 Drivers\STM32F0xx_HAL_Driver\Src\stm32f0xx_hal_rcc.o
 .debug_line    0x00001b7b     0x131e Drivers\STM32F0xx_HAL_Driver\Src\stm32f0xx_hal_tim.o
 .debug_line    0x00002e99      0x7ae Drivers\STM32F0xx_HAL_Driver\Src\stm32f0xx_hal_tim_ex.o
 .debug_line    0x00003647      0x37f Drivers\STM32F0xx_HAL_Driver\Src\stm32f0xx_ll_gpio.o
 .debug_line    0x000039c6      0xa87 Src\main.o
 .debug_line    0x0000444d      0x390 Src\stm32f0xx_hal_msp.o
 .debug_line    0x000047dd      0x31e Src\stm32f0xx_it.o
 .debug_line    0x00004afb      0x297 Src\system_stm32f0xx.o
 .debug_line    0x00004d92       0x83 startup\startup_stm32f031x6.o

.debug_str      0x00000000     0x31af
 .debug_str     0x00000000      0x997 Drivers\STM32F0xx_HAL_Driver\Src\stm32f0xx_hal.o
                                0xa38 (size before relaxing)
 .debug_str     0x00000997      0x1f8 Drivers\STM32F0xx_HAL_Driver\Src\stm32f0xx_hal_cortex.o
                                0xa40 (size before relaxing)
 .debug_str     0x00000b8f      0x410 Drivers\STM32F0xx_HAL_Driver\Src\stm32f0xx_hal_dma.o
                                0xa96 (size before relaxing)
 .debug_str     0x00000f9f      0x1a2 Drivers\STM32F0xx_HAL_Driver\Src\stm32f0xx_hal_gpio.o
                                0x887 (size before relaxing)
 .debug_str     0x00001141       0xa2 Drivers\STM32F0xx_HAL_Driver\Src\stm32f0xx_hal_iwdg.o
                                0x70e (size before relaxing)
 .debug_str     0x000011e3      0x2e7 Drivers\STM32F0xx_HAL_Driver\Src\stm32f0xx_hal_rcc.o
                                0xa67 (size before relaxing)
 .debug_str     0x000014ca      0xf54 Drivers\STM32F0xx_HAL_Driver\Src\stm32f0xx_hal_tim.o
                               0x1802 (size before relaxing)
 .debug_str     0x0000241e      0x50d Drivers\STM32F0xx_HAL_Driver\Src\stm32f0xx_hal_tim_ex.o
                               0x1074 (size before relaxing)
 .debug_str     0x0000292b      0x171 Drivers\STM32F0xx_HAL_Driver\Src\stm32f0xx_ll_gpio.o
                                0x82e (size before relaxing)
 .debug_str     0x00002a9c      0x5f9 Src\main.o
                               0x1812 (size before relaxing)
 .debug_str     0x00003095       0x25 Src\stm32f0xx_hal_msp.o
                                0xd16 (size before relaxing)
 .debug_str     0x000030ba       0x9b Src\stm32f0xx_it.o
                                0xac2 (size before relaxing)
 .debug_str     0x00003155       0x5a Src\system_stm32f0xx.o
                                0x6ad (size before relaxing)

.comment        0x00000000       0x7c
 .comment       0x00000000       0x7c Drivers\STM32F0xx_HAL_Driver\Src\stm32f0xx_hal.o
                                 0x7d (size before relaxing)
 .comment       0x0000007c       0x7d Drivers\STM32F0xx_HAL_Driver\Src\stm32f0xx_hal_cortex.o
 .comment       0x0000007c       0x7d Drivers\STM32F0xx_HAL_Driver\Src\stm32f0xx_hal_dma.o
 .comment       0x0000007c       0x7d Drivers\STM32F0xx_HAL_Driver\Src\stm32f0xx_hal_gpio.o
 .comment       0x0000007c       0x7d Drivers\STM32F0xx_HAL_Driver\Src\stm32f0xx_hal_iwdg.o
 .comment       0x0000007c       0x7d Drivers\STM32F0xx_HAL_Driver\Src\stm32f0xx_hal_rcc.o
 .comment       0x0000007c       0x7d Drivers\STM32F0xx_HAL_Driver\Src\stm32f0xx_hal_tim.o
 .comment       0x0000007c       0x7d Drivers\STM32F0xx_HAL_Driver\Src\stm32f0xx_hal_tim_ex.o
 .comment       0x0000007c       0x7d Drivers\STM32F0xx_HAL_Driver\Src\stm32f0xx_ll_gpio.o
 .comment       0x0000007c       0x7d Src\main.o
 .comment       0x0000007c       0x7d Src\stm32f0xx_hal_msp.o
 .comment       0x0000007c       0x7d Src\stm32f0xx_it.o
 .comment       0x0000007c       0x7d Src\system_stm32f0xx.o

.debug_frame    0x00000000     0x17ec
 .debug_frame   0x00000000      0x178 Drivers\STM32F0xx_HAL_Driver\Src\stm32f0xx_hal.o
 .debug_frame   0x00000178       0xe4 Drivers\STM32F0xx_HAL_Driver\Src\stm32f0xx_hal_cortex.o
 .debug_frame   0x0000025c      0x154 Drivers\STM32F0xx_HAL_Driver\Src\stm32f0xx_hal_dma.o
 .debug_frame   0x000003b0       0xc0 Drivers\STM32F0xx_HAL_Driver\Src\stm32f0xx_hal_gpio.o
 .debug_frame   0x00000470       0x3c Drivers\STM32F0xx_HAL_Driver\Src\stm32f0xx_hal_iwdg.o
 .debug_frame   0x000004ac      0x134 Drivers\STM32F0xx_HAL_Driver\Src\stm32f0xx_hal_rcc.o
 .debug_frame   0x000005e0      0x94c Drivers\STM32F0xx_HAL_Driver\Src\stm32f0xx_hal_tim.o
 .debug_frame   0x00000f2c      0x388 Drivers\STM32F0xx_HAL_Driver\Src\stm32f0xx_hal_tim_ex.o
 .debug_frame   0x000012b4       0x50 Drivers\STM32F0xx_HAL_Driver\Src\stm32f0xx_ll_gpio.o
 .debug_frame   0x00001304      0x2e8 Src\main.o
 .debug_frame   0x000015ec       0x80 Src\stm32f0xx_hal_msp.o
 .debug_frame   0x0000166c       0xb0 Src\stm32f0xx_it.o
 .debug_frame   0x0000171c       0x3c Src\system_stm32f0xx.o
 .debug_frame   0x00001758       0x2c c:/program files (x86)/atollic/truestudio for stm32 9.0.0/armtools/bin/../lib/gcc/arm-atollic-eabi/6.3.1/../../../../arm-atollic-eabi/lib/armv6-m\libc_nano.a(lib_a-init.o)
 .debug_frame   0x00001784       0x28 c:/program files (x86)/atollic/truestudio for stm32 9.0.0/armtools/bin/../lib/gcc/arm-atollic-eabi/6.3.1/../../../../arm-atollic-eabi/lib/armv6-m\libc_nano.a(lib_a-memcpy-stub.o)
 .debug_frame   0x000017ac       0x20 c:/program files (x86)/atollic/truestudio for stm32 9.0.0/armtools/bin/../lib/gcc/arm-atollic-eabi/6.3.1/armv6-m\libgcc.a(_udivsi3.o)
 .debug_frame   0x000017cc       0x20 c:/program files (x86)/atollic/truestudio for stm32 9.0.0/armtools/bin/../lib/gcc/arm-atollic-eabi/6.3.1/armv6-m\libgcc.a(_divsi3.o)
