main.c:226:6:map	8	static
main.c:240:6:getSmoothedInput	16	static
main.c:266:6:getADCs	24	static
main.c:276:6:HAL_ADC_ConvCpltCallback	24	static
main.c:280:6:phaseAPWM	0	static
main.c:284:6:phaseALOW	0	static
main.c:288:6:phaseAFLOAT	0	static
main.c:292:6:phaseBPWM	0	static
main.c:296:6:phaseBLOW	0	static
main.c:300:6:phaseBFLOAT	0	static
main.c:304:6:phaseCPWM	0	static
main.c:308:6:phaseCLOW	0	static
main.c:312:6:phaseCFLOAT	0	static
main.c:316:6:phaseA	0	static
main.c:335:6:phaseB	0	static
main.c:354:6:phaseC	0	static
main.c:373:6:allOff	0	static
main.c:438:7:comStep	4	static
main.c:490:6:fullBrake	0	static
main.c:497:6:allpwm	0	static
main.c:503:6:detectInput	40	static
main.c:556:6:computeProshotDMA	32	static
main.c:610:6:computeMSInput	8	static
main.c:624:6:computeOS125Input	8	static
main.c:638:6:computeOS42Input	8	static
main.c:655:6:computeServoInput	8	static
main.c:670:6:computeDshotDMA	80	static
main.c:718:6:transferComplete	8	static
main.c:772:6:playStartupTune	40	static
main.c:787:6:playInputTune	40	static
main.c:800:6:getBemfState	16	static
main.c:838:6:maskPhaseInterrupts	0	static
main.c:844:6:changeEXTI	8	static
main.c:883:6:calculateOffset	0	static
main.c:903:6:commutate	8	static
main.c:936:6:interruptRoutine	24	static
main.c:1000:6:advanceincrement	24	static
main.c:1058:6:HAL_TIM_PeriodElapsedCallback	0	static
main.c:1081:5:getAbsDif	0	static
main.c:1126:6:startMotor	8	static
main.c:1157:6:zcfoundroutine	16	static
main.c:1565:6:SystemClock_Config	72	static
main.c:1197:5:main	144	static
main.c:1993:6:_Error_Handler	0	static
