stm32f0xx_it.c:56:6:NMI_Handler	0	static
stm32f0xx_it.c:69:6:HardFault_Handler	0	static
stm32f0xx_it.c:85:6:SVC_Handler	0	static
stm32f0xx_it.c:98:6:PendSV_Handler	0	static
stm32f0xx_it.c:111:6:SysTick_Handler	8	static
stm32f0xx_it.c:133:6:EXTI0_1_IRQHandler	8	static
stm32f0xx_it.c:160:6:EXTI2_3_IRQHandler	8	static
stm32f0xx_it.c:180:6:DMA1_Channel1_IRQHandler	8	static
stm32f0xx_it.c:194:6:DMA1_Channel4_5_IRQHandler	8	static
stm32f0xx_it.c:208:6:TIM2_IRQHandler	8	static
stm32f0xx_it.c:222:6:TIM14_IRQHandler	8	static
